
Discarded input sections

 .data          0x0000000000000000        0x0 arch/arm/cpu/armv8/start.o
 .bss           0x0000000000000000        0x0 arch/arm/cpu/armv8/start.o
 .text.timer_read_counter
                0x0000000000000000        0xc arch/arm/cpu/armv8/built-in.o
 .text.usec2ticks
                0x0000000000000000       0x44 arch/arm/cpu/armv8/built-in.o
 .text.timer_get_boot_us
                0x0000000000000000       0x14 arch/arm/cpu/armv8/built-in.o
 .text.set_one_region
                0x0000000000000000       0xd8 arch/arm/cpu/armv8/built-in.o
 .text.dcache_status
                0x0000000000000000       0x34 arch/arm/cpu/armv8/built-in.o
 .text.arch_get_page_table
                0x0000000000000000       0x20 arch/arm/cpu/armv8/built-in.o
 .text.mmu_set_region_dcache_behaviour
                0x0000000000000000       0xa8 arch/arm/cpu/armv8/built-in.o
 .text.mmu_change_region_attr
                0x0000000000000000       0xe8 arch/arm/cpu/armv8/built-in.o
 .text.icache_status
                0x0000000000000000       0x34 arch/arm/cpu/armv8/built-in.o
 .text.enable_caches
                0x0000000000000000       0x14 arch/arm/cpu/armv8/built-in.o
 .text.__asm_switch_ttbr
                0x0000000000000000       0xe0 arch/arm/cpu/armv8/built-in.o
 .text.armv8_switch_to_el1
                0x0000000000000000       0xd0 arch/arm/cpu/armv8/built-in.o
 .text.armv8_el2_to_aarch32
                0x0000000000000000        0x4 arch/arm/cpu/armv8/built-in.o
 .text.reset_misc
                0x0000000000000000        0xc arch/arm/cpu/armv8/built-in.o
 .rodata.set_one_region.str1.1
                0x0000000000000000       0x2e arch/arm/cpu/armv8/built-in.o
 .rodata.arch_get_page_table.str1.1
                0x0000000000000000       0x1e arch/arm/cpu/armv8/built-in.o
 .rodata.mmu_set_region_dcache_behaviour.str1.1
                0x0000000000000000       0x20 arch/arm/cpu/armv8/built-in.o
 .eh_frame      0x0000000000000000      0x53c arch/arm/cpu/armv8/built-in.o
 .data          0x0000000000000000        0x0 arch/arm/cpu/armv8/built-in.o
 .bss           0x0000000000000000        0x0 arch/arm/cpu/armv8/built-in.o
 .text.board_fdt_fixup
                0x0000000000000000        0x8 arch/arm/lib/built-in.o
 .text.board_quiesce_devices
                0x0000000000000000        0x4 arch/arm/lib/built-in.o
 .text.armv7_boot_nonsec_default
                0x0000000000000000        0x8 arch/arm/lib/built-in.o
 .text.dump_stack
                0x0000000000000000       0x3c arch/arm/lib/built-in.o
 .text.enable_caches
                0x0000000000000000        0xc arch/arm/lib/built-in.o
 .text.invalidate_dcache_range
                0x0000000000000000        0x4 arch/arm/lib/built-in.o
 .text.flush_dcache_range
                0x0000000000000000        0x4 arch/arm/lib/built-in.o
 .text.flush_dcache_all
                0x0000000000000000        0xc arch/arm/lib/built-in.o
 .text.check_cache_range
                0x0000000000000000       0x3c arch/arm/lib/built-in.o
 .text.fdt_psci
                0x0000000000000000        0x8 arch/arm/lib/built-in.o
 .rodata.enable_caches.str1.1
                0x0000000000000000       0x1d arch/arm/lib/built-in.o
 .rodata.check_cache_range.str1.1
                0x0000000000000000       0x35 arch/arm/lib/built-in.o
 .eh_frame      0x0000000000000000      0x438 arch/arm/lib/built-in.o
 .data          0x0000000000000000        0x0 arch/arm/lib/built-in.o
 .__efi_runtime_rel_start
                0x0000000000000000        0x0 arch/arm/lib/built-in.o
 .__efi_runtime_rel_stop
                0x0000000000000000        0x0 arch/arm/lib/built-in.o
 .__efi_runtime_start
                0x0000000000000000        0x0 arch/arm/lib/built-in.o
 .__efi_runtime_stop
                0x0000000000000000        0x0 arch/arm/lib/built-in.o
 .__end         0x0000000000000000        0x0 arch/arm/lib/built-in.o
 .__secure_end  0x0000000000000000        0x0 arch/arm/lib/built-in.o
 .__secure_stack_end
                0x0000000000000000        0x0 arch/arm/lib/built-in.o
 .__secure_stack_start
                0x0000000000000000        0x0 arch/arm/lib/built-in.o
 .__secure_start
                0x0000000000000000        0x0 arch/arm/lib/built-in.o
 .bss           0x0000000000000000        0x0 arch/arm/lib/built-in.o
 .text.rockchip_set_bootdev
                0x0000000000000000        0xc arch/arm/mach-rockchip/built-in.o
 .text.board_run_recovery_wipe_data
                0x0000000000000000      0x12c arch/arm/mach-rockchip/built-in.o
 .text.rk_board_late_init
                0x0000000000000000        0x8 arch/arm/mach-rockchip/built-in.o
 .text.soc_clk_dump
                0x0000000000000000        0x8 arch/arm/mach-rockchip/built-in.o
 .text.rk_board_init
                0x0000000000000000        0x8 arch/arm/mach-rockchip/built-in.o
 .text.iomem_show_by_compatible
                0x0000000000000000       0x14 arch/arm/mach-rockchip/built-in.o
 .text.board_mmc_dm_reinit
[...]
Memory Configuration

Name             Origin             Length             Attributes
*default*        0x0000000000000000 0xffffffffffffffff

Linker script and memory map

Address of section .text set to 0x200000
                0x0000000000000000                . = 0x0
                0x0000000000000000                . = ALIGN (0x8)

.text           0x0000000000200000    0xaffe8
 *(.__image_copy_start)
 .__image_copy_start
                0x0000000000200000        0x0 arch/arm/lib/built-in.o
                0x0000000000200000                __image_copy_start
 arch/arm/cpu/armv8/start.o(.text*)
 .text          0x0000000000200000      0x1a8 arch/arm/cpu/armv8/start.o
                0x0000000000200000                _start
                0x0000000000200008                _TEXT_BASE
                0x0000000000200010                _end_ofs
                0x0000000000200018                _bss_start_ofs
                0x0000000000200020                _bss_end_ofs
                0x000000000020002c                save_boot_params_ret
                0x0000000000200104                apply_core_errata
                0x0000000000200128                lowlevel_init
                0x0000000000200144                smp_kick_all_cpus
                0x0000000000200150                c_runtime_cpu_setup
                0x0000000000200188                save_boot_params
 *(.text*)
 *fill*         0x00000000002001a8      0x658 
 .text          0x0000000000200800      0x6d4 arch/arm/cpu/armv8/built-in.o
                0x0000000000200800                vectors
                0x0000000000200cec                __arm_smccc_smc
                0x0000000000200d18                __arm_smccc_hvc
                0x0000000000200d48                cpu_suspend
                0x0000000000200de8                cpu_do_suspend
                0x0000000000200e54                cpu_resume
                0x0000000000200e74                cpu_do_resume
 .text.sdelay   0x0000000000200ed4        0xc arch/arm/cpu/armv8/built-in.o
                0x0000000000200ed4                sdelay
 .text.cleanup_before_linux
                0x0000000000200ee0       0x2c arch/arm/cpu/armv8/built-in.o
                0x0000000000200ee0                cleanup_before_linux
 .text.get_tbclk
                0x0000000000200f0c        0x8 arch/arm/cpu/armv8/built-in.o
                0x0000000000200f0c                get_tbclk
 .text.get_ticks
                0x0000000000200f14       0x10 arch/arm/cpu/armv8/built-in.o
                0x0000000000200f14                get_ticks
 .text.count_required_pts
                0x0000000000200f24       0xf8 arch/arm/cpu/armv8/built-in.o
 .text.create_table
                0x000000000020101c       0x70 arch/arm/cpu/armv8/built-in.o
 .text.split_block
                0x000000000020108c       0x90 arch/arm/cpu/armv8/built-in.o
 .text.get_tcr  0x000000000020111c       0xe4 arch/arm/cpu/armv8/built-in.o
                0x000000000020111c                get_tcr
 .text.find_pte
                0x0000000000201200       0x8c arch/arm/cpu/armv8/built-in.o
 .text.get_page_table_size
                0x000000000020128c       0x48 arch/arm/cpu/armv8/built-in.o
                0x000000000020128c                get_page_table_size
 .text.setup_pgtables
                0x00000000002012d4      0x16c arch/arm/cpu/armv8/built-in.o
                0x00000000002012d4                setup_pgtables
 .text.mmu_setup
                0x0000000000201440      0x13c arch/arm/cpu/armv8/built-in.o
                0x0000000000201440                mmu_setup
 .text.invalidate_dcache_all
                0x000000000020157c       0x14 arch/arm/cpu/armv8/built-in.o
                0x000000000020157c                invalidate_dcache_all
 .text.flush_dcache_all
                0x0000000000201590       0x14 arch/arm/cpu/armv8/built-in.o
                0x0000000000201590                flush_dcache_all
 .text.invalidate_dcache_range
                0x00000000002015a4        0x4 arch/arm/cpu/armv8/built-in.o
                0x00000000002015a4                invalidate_dcache_range
 .text.flush_dcache_range
                0x00000000002015a8        0x4 arch/arm/cpu/armv8/built-in.o
                0x00000000002015a8                flush_dcache_range
 .text.dcache_enable
                0x00000000002015ac      0x110 arch/arm/cpu/armv8/built-in.o
                0x00000000002015ac                dcache_enable
 .text.dcache_disable
                0x00000000002016bc       0x84 arch/arm/cpu/armv8/built-in.o
                0x00000000002016bc                dcache_disable
 .text.icache_disable
                0x0000000000201740       0x64 arch/arm/cpu/armv8/built-in.o
                0x0000000000201740                icache_disable
 .text.invalidate_icache_all
                0x00000000002017a4       0x14 arch/arm/cpu/armv8/built-in.o
                0x00000000002017a4                invalidate_icache_all
 .text.icache_enable
                0x00000000002017b8       0x74 arch/arm/cpu/armv8/built-in.o
                0x00000000002017b8                icache_enable
 .text.__asm_dcache_level
                0x000000000020182c       0x64 arch/arm/cpu/armv8/built-in.o
                0x000000000020182c                __asm_dcache_level
 .text.__asm_dcache_all
                0x0000000000201890       0x60 arch/arm/cpu/armv8/built-in.o
                0x0000000000201890                __asm_dcache_all
 .text.__asm_flush_dcache_all
                0x00000000002018f0        0x8 arch/arm/cpu/armv8/built-in.o
                0x00000000002018f0                __asm_flush_dcache_all
 .text.__asm_invalidate_dcache_all
                0x00000000002018f8        0x8 arch/arm/cpu/armv8/built-in.o
                0x00000000002018f8                __asm_invalidate_dcache_all
 .text.__asm_flush_dcache_range
                0x0000000000201900       0x3c arch/arm/cpu/armv8/built-in.o
                0x0000000000201900                __asm_flush_dcache_range
 .text.__asm_invalidate_dcache_range
                0x000000000020193c       0x34 arch/arm/cpu/armv8/built-in.o
                0x000000000020193c                __asm_invalidate_dcache_range
 .text.__asm_invalidate_icache_all
                0x0000000000201970        0xc arch/arm/cpu/armv8/built-in.o
                0x0000000000201970                __asm_invalidate_icache_all
 .text.__asm_invalidate_l3_dcache
                0x000000000020197c        0x8 arch/arm/cpu/armv8/built-in.o
                0x000000000020197c                __asm_invalidate_l3_dcache
 .text.__asm_flush_l3_dcache
                0x0000000000201984        0x8 arch/arm/cpu/armv8/built-in.o
                0x0000000000201984                __asm_flush_l3_dcache
 .text.__asm_invalidate_l3_icache
                0x000000000020198c        0x8 arch/arm/cpu/armv8/built-in.o
                0x000000000020198c                __asm_invalidate_l3_icache
 .text.__asm_invalidate_tlb_all
                0x0000000000201994       0x4c arch/arm/cpu/armv8/built-in.o
                0x0000000000201994                __asm_invalidate_tlb_all
 .text.armv8_switch_to_el2
                0x00000000002019e0       0xb8 arch/arm/cpu/armv8/built-in.o
                0x00000000002019e0                armv8_switch_to_el2
 .text.cpu_suspend_save
                0x0000000000201a98       0x2c arch/arm/cpu/armv8/built-in.o
                0x0000000000201a98                cpu_suspend_save
 *fill*         0x0000000000201ac4        0x4 
 .text          0x0000000000201ac8      0x28c arch/arm/lib/built-in.o
                0x0000000000201ac8                _main
                0x0000000000201b48                relocate_code
                0x0000000000201c1c                gic_init_secure
                0x0000000000201c50                gic_init_secure_percpu
                0x0000000000201d30                gic_kick_secondary_cpus
                0x0000000000201d40                gic_wait_for_interrupt
 .text.setjmp   0x0000000000201d54       0x28 arch/arm/lib/built-in.o
                0x0000000000201d54                setjmp
 .text.longjmp  0x0000000000201d7c       0x40 arch/arm/lib/built-in.o
                0x0000000000201d7c                longjmp
 .text.arch_fixup_fdt
                0x0000000000201dbc       0xa0 arch/arm/lib/built-in.o
                0x0000000000201dbc                arch_fixup_fdt
 .text.arch_lmb_reserve
                0x0000000000201e5c       0x14 arch/arm/lib/built-in.o
                0x0000000000201e5c                arch_lmb_reserve
 .text.setup_board_tags
                0x0000000000201e70        0x4 arch/arm/lib/built-in.o
                0x0000000000201e70                setup_board_tags
 .text.boot_prep_linux
                0x0000000000201e74       0xd0 arch/arm/lib/built-in.o
 .text.update_os_arch_secondary_cores
                0x0000000000201f44        0x4 arch/arm/lib/built-in.o
                0x0000000000201f44                update_os_arch_secondary_cores
 .text.boot_jump_linux
                0x0000000000201f48      0x118 arch/arm/lib/built-in.o
 .text.do_bootm_linux
                0x0000000000202060       0x7c arch/arm/lib/built-in.o
                0x0000000000202060                do_bootm_linux
 .text.boot_prep_vxworks
                0x00000000002020dc       0x4c arch/arm/lib/built-in.o
                0x00000000002020dc                boot_prep_vxworks
 .text.boot_jump_vxworks
                0x0000000000202128       0x10 arch/arm/lib/built-in.o
                0x0000000000202128                boot_jump_vxworks
 .text.bootz_setup
                0x0000000000202138       0x7c arch/arm/lib/built-in.o
                0x0000000000202138                bootz_setup
 .text.arch_reserve_stacks
                0x00000000002021b4       0x10 arch/arm/lib/built-in.o
                0x00000000002021b4                arch_reserve_stacks
 .text.show_regs
                0x00000000002021c4      0x25c arch/arm/lib/built-in.o
                0x00000000002021c4                show_regs
 .text.do_bad_sync
                0x0000000000202420       0x3c arch/arm/lib/built-in.o
                0x0000000000202420                do_bad_sync
 .text.do_bad_irq
                0x000000000020245c       0x3c arch/arm/lib/built-in.o
                0x000000000020245c                do_bad_irq
 .text.do_bad_fiq
                0x0000000000202498       0x3c arch/arm/lib/built-in.o
                0x0000000000202498                do_bad_fiq
 .text.do_bad_error
                0x00000000002024d4       0x3c arch/arm/lib/built-in.o
                0x00000000002024d4                do_bad_error
 .text.do_sync  0x0000000000202510       0x3c arch/arm/lib/built-in.o
                0x0000000000202510                do_sync
 .text.do_fiq   0x000000000020254c       0x3c arch/arm/lib/built-in.o
                0x000000000020254c                do_fiq
 .text.do_error
                0x0000000000202588       0x3c arch/arm/lib/built-in.o
                0x0000000000202588                do_error
 .text.dump_core_stack
                0x00000000002025c4       0xdc arch/arm/lib/built-in.o
                0x00000000002025c4                dump_core_stack
 .text.flush_cache
                0x00000000002026a0        0x8 arch/arm/lib/built-in.o
                0x00000000002026a0                flush_cache
 .text          0x00000000002026a8       0x28 arch/arm/mach-rockchip/built-in.o
                0x00000000002026a8                armv8_el2_to_aarch32
 .text.fit_board_verify_required_sigs
                0x00000000002026d0       0x4c arch/arm/mach-rockchip/built-in.o
                0x00000000002026d0                fit_board_verify_required_sigs
 .text.rockchip_rockusb_get_chip_info
                0x000000000020271c       0x2c arch/arm/mach-rockchip/built-in.o
                0x000000000020271c                rockchip_rockusb_get_chip_info
 .text.misc_require_recovery
                0x0000000000202748      0x130 arch/arm/mach-rockchip/built-in.o
 .text.get_bcb_recovery_msg
                0x0000000000202878       0x24 arch/arm/mach-rockchip/built-in.o
                0x0000000000202878                get_bcb_recovery_msg
 .text.rockchip_get_boot_mode
                0x000000000020289c      0x2ec arch/arm/mach-rockchip/built-in.o
                0x000000000020289c                rockchip_get_boot_mode
 .text.setup_boot_mode
                0x0000000000202b88       0xf0 arch/arm/mach-rockchip/built-in.o
                0x0000000000202b88                setup_boot_mode
 .text.bootdev_init
                0x0000000000202c78       0x80 arch/arm/mach-rockchip/built-in.o
 .text.crypto_csum.isra.0
                0x0000000000202cf8       0x68 arch/arm/mach-rockchip/built-in.o
 .text.rk_board_early_fdt_fixup
                0x0000000000202d60        0x8 arch/arm/mach-rockchip/built-in.o
                0x0000000000202d60                rk_board_early_fdt_fixup
 .text.rk_board_scan_bootdev
                0x0000000000202d68       0x14 arch/arm/mach-rockchip/built-in.o
                0x0000000000202d68                rk_board_scan_bootdev
 .text.boot_devtype_init
                0x0000000000202d7c      0x108 arch/arm/mach-rockchip/built-in.o
 .text.rockchip_get_bootdev
                0x0000000000202e84      0x2d8 arch/arm/mach-rockchip/built-in.o
                0x0000000000202e84                rockchip_get_bootdev
 .text.rockchip_dnl_key_pressed
                0x000000000020315c       0x18 arch/arm/mach-rockchip/built-in.o
                0x000000000020315c                rockchip_dnl_key_pressed
 .text.setup_download_mode
                0x0000000000203174       0xe4 arch/arm/mach-rockchip/built-in.o
                0x0000000000203174                setup_download_mode
 .text.rockchip_read_dtb_file
                0x0000000000203258      0x18c arch/arm/mach-rockchip/built-in.o
                0x0000000000203258                rockchip_read_dtb_file
 .text.rockchip_ram_read_dtb_file
                0x00000000002033e4      0x168 arch/arm/mach-rockchip/built-in.o
                0x00000000002033e4                rockchip_ram_read_dtb_file
 .text.rockchip_set_serialno.isra.0
                0x000000000020354c      0x1a4 arch/arm/mach-rockchip/built-in.o
 .text.rk_board_fdt_fixup
                0x00000000002036f0        0x8 arch/arm/mach-rockchip/built-in.o
                0x00000000002036f0                rk_board_fdt_fixup
 .text.rk_board_dm_fdt_fixup
                0x00000000002036f8        0x8 arch/arm/mach-rockchip/built-in.o
                0x00000000002036f8                rk_board_dm_fdt_fixup
 .text.set_armclk_rate
                0x0000000000203700        0x8 arch/arm/mach-rockchip/built-in.o
                0x0000000000203700                set_armclk_rate
 .text.fb_set_reboot_flag
                0x0000000000203708       0x38 arch/arm/mach-rockchip/built-in.o
                0x0000000000203708                fb_set_reboot_flag
 .text.board_late_init
                0x0000000000203740      0x428 arch/arm/mach-rockchip/built-in.o
                0x0000000000203740                board_late_init
 .text.board_init
                0x0000000000203b68       0xd8 arch/arm/mach-rockchip/built-in.o
                0x0000000000203b68                board_init
 .text.interrupt_debugger_init
                0x0000000000203c40        0x8 arch/arm/mach-rockchip/built-in.o
                0x0000000000203c40                interrupt_debugger_init
 .text.board_fdt_fixup
                0x0000000000203c48       0x34 arch/arm/mach-rockchip/built-in.o
                0x0000000000203c48                board_fdt_fixup
 .text.arch_preboot_os
                0x0000000000203c7c       0x48 arch/arm/mach-rockchip/built-in.o
                0x0000000000203c7c                arch_preboot_os
 .text.enable_caches
                0x0000000000203cc4       0x14 arch/arm/mach-rockchip/built-in.o
                0x0000000000203cc4                enable_caches
 .text.board_lmb_reserve
                0x0000000000203cd8       0xa4 arch/arm/mach-rockchip/built-in.o
                0x0000000000203cd8                board_lmb_reserve
 .text.board_bidram_reserve
                0x0000000000203d7c       0x58 arch/arm/mach-rockchip/built-in.o
                0x0000000000203d7c                board_bidram_reserve
 .text.board_sysmem_reserve
                0x0000000000203dd4        0x8 arch/arm/mach-rockchip/built-in.o
                0x0000000000203dd4                board_sysmem_reserve
 .text.board_bidram_parse_fn
                0x0000000000203ddc        0xc arch/arm/mach-rockchip/built-in.o
                0x0000000000203ddc                board_bidram_parse_fn
 .text.board_init_f_boot_flags
                0x0000000000203de8       0x20 arch/arm/mach-rockchip/built-in.o
                0x0000000000203de8                board_init_f_boot_flags
 .text.board_usb_cleanup
                0x0000000000203e08       0x18 arch/arm/mach-rockchip/built-in.o
                0x0000000000203e08                board_usb_cleanup
 .text.bootm_board_start
                0x0000000000203e20       0xd0 arch/arm/mach-rockchip/built-in.o
                0x0000000000203e20                bootm_board_start
 .text.bootm_image_populate_dtb
                0x0000000000203ef0       0x58 arch/arm/mach-rockchip/built-in.o
                0x0000000000203ef0                bootm_image_populate_dtb
 .text.board_do_bootm
                0x0000000000203f48      0x160 arch/arm/mach-rockchip/built-in.o
                0x0000000000203f48                board_do_bootm
 .text.autoboot_command_fail_handle
                0x00000000002040a8        0x4 arch/arm/mach-rockchip/built-in.o
                0x00000000002040a8                autoboot_command_fail_handle
 .text.board_quiesce_devices
                0x00000000002040ac       0x60 arch/arm/mach-rockchip/built-in.o
                0x00000000002040ac                board_quiesce_devices
 .text.board_fdt_chosen_bootargs
                0x000000000020410c      0x1f0 arch/arm/mach-rockchip/built-in.o
                0x000000000020410c                board_fdt_chosen_bootargs
 .text.ft_verify_fdt
                0x00000000002042fc      0x2a4 arch/arm/mach-rockchip/built-in.o
                0x00000000002042fc                ft_verify_fdt
 .text.iomem_show
                0x00000000002045a0       0xc0 arch/arm/mach-rockchip/built-in.o
                0x00000000002045a0                iomem_show
 .text.iomem_show_by_match
                0x0000000000204660      0x120 arch/arm/mach-rockchip/built-in.o
 .text.do_iomem_by_match
                0x0000000000204780       0xb8 arch/arm/mach-rockchip/built-in.o
 .text.is_hotkey
                0x0000000000204838       0x84 arch/arm/mach-rockchip/built-in.o
                0x0000000000204838                is_hotkey
 .text.hotkey_run
                0x00000000002048bc       0xe0 arch/arm/mach-rockchip/built-in.o
                0x00000000002048bc                hotkey_run
 .text.init_kernel_dtb
                0x000000000020499c      0x5a4 arch/arm/mach-rockchip/built-in.o
                0x000000000020499c                init_kernel_dtb
 .text.__invoke_sip_fn_smc
                0x0000000000204f40       0x50 arch/arm/mach-rockchip/built-in.o
 .text.psci_system_suspend
                0x0000000000204f90       0x34 arch/arm/mach-rockchip/built-in.o
                0x0000000000204f90                psci_system_suspend
 .text.sip_smc_request_share_mem
                0x0000000000204fc4       0x28 arch/arm/mach-rockchip/built-in.o
                0x0000000000204fc4                sip_smc_request_share_mem
 .text.sip_smc_secure_reg_read
                0x0000000000204fec       0x28 arch/arm/mach-rockchip/built-in.o
                0x0000000000204fec                sip_smc_secure_reg_read
 .text.sip_smc_secure_reg_write
                0x0000000000205014       0x2c arch/arm/mach-rockchip/built-in.o
                0x0000000000205014                sip_smc_secure_reg_write
 .text.sip_smc_hdcp_config
                0x0000000000205040       0x30 arch/arm/mach-rockchip/built-in.o
                0x0000000000205040                sip_smc_hdcp_config
 .text.vendor_ops
                0x0000000000205070      0x110 arch/arm/mach-rockchip/built-in.o
 .text.vendor_test_reset
                0x0000000000205180       0xec arch/arm/mach-rockchip/built-in.o
 .text.vendor_storage_init
                0x000000000020526c      0x240 arch/arm/mach-rockchip/built-in.o
                0x000000000020526c                vendor_storage_init
 .text.vendor_storage_fixup
                0x00000000002054ac       0x74 arch/arm/mach-rockchip/built-in.o
                0x00000000002054ac                vendor_storage_fixup
 .text.vendor_storage_read
                0x0000000000205520       0xa8 arch/arm/mach-rockchip/built-in.o
                0x0000000000205520                vendor_storage_read
 .text.vendor_storage_write
                0x00000000002055c8      0x210 arch/arm/mach-rockchip/built-in.o
                0x00000000002055c8                vendor_storage_write
 .text.vendor_storage_test
                0x00000000002057d8      0x4b0 arch/arm/mach-rockchip/built-in.o
                0x00000000002057d8                vendor_storage_test
 .text.vendor_handle_hdcp
                0x0000000000205c88      0x13c arch/arm/mach-rockchip/built-in.o
                0x0000000000205c88                vendor_handle_hdcp
 .text.do_dump_resource
                0x0000000000205dc4       0xb4 arch/arm/mach-rockchip/built-in.o
 .text.resource_check_header
                0x0000000000205e78       0x14 arch/arm/mach-rockchip/built-in.o
 .text.resource_add_file
                0x0000000000205e8c       0xe4 arch/arm/mach-rockchip/built-in.o
 .text.resource_default
                0x0000000000205f70       0x54 arch/arm/mach-rockchip/built-in.o
 .text.resource_setup_list.isra.0
                0x0000000000205fc4       0xbc arch/arm/mach-rockchip/built-in.o
 .text.resource_setup_ram_list
                0x0000000000206080       0x64 arch/arm/mach-rockchip/built-in.o
                0x0000000000206080                resource_setup_ram_list
 .text.resource_scan
                0x00000000002060e4      0x404 arch/arm/mach-rockchip/built-in.o
 .text.resource_get_file
                0x00000000002064e8       0x68 arch/arm/mach-rockchip/built-in.o
 .text.rockchip_read_resource_file
                0x0000000000206550       0xf0 arch/arm/mach-rockchip/built-in.o
                0x0000000000206550                rockchip_read_resource_file
 .text.rockchip_read_resource_dtb
                0x0000000000206640       0xa8 arch/arm/mach-rockchip/built-in.o
                0x0000000000206640                rockchip_read_resource_dtb
 .text.param_parse_atf_mem
                0x00000000002066e8       0x88 arch/arm/mach-rockchip/built-in.o
                0x00000000002066e8                param_parse_atf_mem
 .text.param_parse_optee_mem
                0x0000000000206770       0xd8 arch/arm/mach-rockchip/built-in.o
                0x0000000000206770                param_parse_optee_mem
 .text.param_parse_common_resv_mem
                0x0000000000206848        0xc arch/arm/mach-rockchip/built-in.o
                0x0000000000206848                param_parse_common_resv_mem
 .text.param_parse_assign_bootdev
                0x0000000000206854       0x6c arch/arm/mach-rockchip/built-in.o
                0x0000000000206854                param_parse_assign_bootdev
 .text.param_parse_atags_bootdev
                0x00000000002068c0       0xe8 arch/arm/mach-rockchip/built-in.o
                0x00000000002068c0                param_parse_atags_bootdev
 .text.param_parse_ddr_mem
                0x00000000002069a8      0x168 arch/arm/mach-rockchip/built-in.o
                0x00000000002069a8                param_parse_ddr_mem
 .text.param_parse_pre_serial
                0x0000000000206b10       0x9c arch/arm/mach-rockchip/built-in.o
                0x0000000000206b10                param_parse_pre_serial
 .text.param_parse_pubkey_fuse_programmed
                0x0000000000206bac       0x58 arch/arm/mach-rockchip/built-in.o
                0x0000000000206bac                param_parse_pubkey_fuse_programmed
 .text.rockchip_sdram_size
                0x0000000000206c04      0x19c arch/arm/mach-rockchip/built-in.o
                0x0000000000206c04                rockchip_sdram_size
 .text.dram_init_banksize
                0x0000000000206da0       0x18 arch/arm/mach-rockchip/built-in.o
                0x0000000000206da0                dram_init_banksize
 .text.dram_init
                0x0000000000206db8       0x34 arch/arm/mach-rockchip/built-in.o
                0x0000000000206db8                dram_init
 .text.board_get_usable_ram_top
                0x0000000000206dec       0x18 arch/arm/mach-rockchip/built-in.o
                0x0000000000206dec                board_get_usable_ram_top
 .text.rockchip_get_clk
                0x0000000000206e04       0x14 arch/arm/mach-rockchip/built-in.o
                0x0000000000206e04                rockchip_get_clk
 .text.arch_cpu_init
                0x0000000000206e18       0x60 arch/arm/mach-rockchip/built-in.o
                0x0000000000206e18                arch_cpu_init
 .text.board_debug_uart_init
                0x0000000000206e78       0x38 arch/arm/mach-rockchip/built-in.o
                0x0000000000206e78                board_debug_uart_init
 .text.js_hash  0x0000000000206eb0       0x4c arch/arm/mach-rockchip/built-in.o
 .text.atags_bad_magic
                0x0000000000206efc       0x54 arch/arm/mach-rockchip/built-in.o
                0x0000000000206efc                atags_bad_magic
 .text.atags_overflow
                0x0000000000206f50       0x48 arch/arm/mach-rockchip/built-in.o
                0x0000000000206f50                atags_overflow
 .text.atags_is_available
                0x0000000000206f98       0x1c arch/arm/mach-rockchip/built-in.o
                0x0000000000206f98                atags_is_available
 .text.atags_get_tag
                0x0000000000206fb4       0x9c arch/arm/mach-rockchip/built-in.o
                0x0000000000206fb4                atags_get_tag
 .text.atags_destroy
                0x0000000000207050       0x28 arch/arm/mach-rockchip/built-in.o
                0x0000000000207050                atags_destroy
 .text.rk_board_init
                0x0000000000207078      0x100 board/rockchip/evb_rk3399/built-in.o
                0x0000000000207078                rk_board_init
 .text.rockchip_is_key_pressed
                0x0000000000207178       0xa8 board/rockchip/evb_rk3399/built-in.o
                0x0000000000207178                rockchip_is_key_pressed
 .text.rk_board_download
                0x0000000000207220       0x9c board/rockchip/evb_rk3399/built-in.o
                0x0000000000207220                rk_board_download
 .text.rk_board_late_init
                0x00000000002072bc       0x18 board/rockchip/evb_rk3399/built-in.o
                0x00000000002072bc                rk_board_late_init
 .text.misc_init_r
                0x00000000002072d4      0x19c board/rockchip/evb_rk3399/built-in.o
                0x00000000002072d4                misc_init_r
 .text.get_board_serial
                0x0000000000207470       0x48 board/rockchip/evb_rk3399/built-in.o
                0x0000000000207470                get_board_serial
 .text.usb_gadget_handle_interrupts
                0x00000000002074b8       0x1c board/rockchip/evb_rk3399/built-in.o
                0x00000000002074b8                usb_gadget_handle_interrupts
 .text.board_usb_init
                0x00000000002074d4        0xc board/rockchip/evb_rk3399/built-in.o
                0x00000000002074d4                board_usb_init
 .text.do_reboot_brom
                0x00000000002074e0       0x40 cmd/built-in.o
 .text.do_go_exec
                0x0000000000207520       0x10 cmd/built-in.o
                0x0000000000207520                do_go_exec
 .text.do_go    0x0000000000207530       0x88 cmd/built-in.o
 .text.do_bootm
                0x00000000002075b8      0x12c cmd/built-in.o
                0x00000000002075b8                do_bootm
 .text.do_bootd
                0x00000000002076e4       0x2c cmd/built-in.o
                0x00000000002076e4                do_bootd
 .text.bootm_maybe_autostart
                0x0000000000207710       0x74 cmd/built-in.o
                0x0000000000207710                bootm_maybe_autostart
 .text.do_help  0x0000000000207784       0x3c cmd/built-in.o
 .text.do_version
                0x00000000002077c0       0x40 cmd/built-in.o
 .text.blk_common_cmd
                0x0000000000207800      0x3c8 cmd/built-in.o
                0x0000000000207800                blk_common_cmd
 .text.do_blk   0x0000000000207bc8       0xf4 cmd/built-in.o
 .text.source   0x0000000000207cbc      0x1d4 cmd/built-in.o
                0x0000000000207cbc                source
 .text.do_source
                0x0000000000207e90       0x7c cmd/built-in.o
 .text.print_num
                0x0000000000207f0c       0x14 cmd/built-in.o
 .text.do_bdinfo
                0x0000000000207f20      0x144 cmd/built-in.o
 .text.do_avb_version
                0x0000000000208064       0x38 cmd/built-in.o
                0x0000000000208064                do_avb_version
 .text.do_avb_verify_partition
                0x000000000020809c       0xa0 cmd/built-in.o
                0x000000000020809c                do_avb_verify_partition
 .text.do_boot_avb
                0x000000000020813c       0x94 cmd/built-in.o
 .text.do_boot_android
                0x00000000002081d0       0xf8 cmd/built-in.o
 .text.do_avb_read_rollback_index
                0x00000000002082c8       0xa8 cmd/built-in.o
                0x00000000002082c8                do_avb_read_rollback_index
 .text.do_avb_read_is_device_unlocked
                0x0000000000208370       0xa8 cmd/built-in.o
                0x0000000000208370                do_avb_read_is_device_unlocked
 .text.do_avb_write_is_device_unlocked
                0x0000000000208418       0x98 cmd/built-in.o
                0x0000000000208418                do_avb_write_is_device_unlocked
 .text.do_avb_get_size_of_partition
                0x00000000002084b0       0x9c cmd/built-in.o
                0x00000000002084b0                do_avb_get_size_of_partition
 .text.do_avb_get_get_unique_guid_for_partition
                0x000000000020854c       0xa0 cmd/built-in.o
                0x000000000020854c                do_avb_get_get_unique_guid_for_partition
 .text.do_perm_attr_test
                0x00000000002085ec       0xd4 cmd/built-in.o
                0x00000000002085ec                do_perm_attr_test
 .text.do_avb_write_rollback_index
                0x00000000002086c0       0xc0 cmd/built-in.o
                0x00000000002086c0                do_avb_write_rollback_index
 .text.do_avb_read
                0x0000000000208780      0x144 cmd/built-in.o
                0x0000000000208780                do_avb_read
 .text.do_android_print_hdr
                0x00000000002088c4       0xbc cmd/built-in.o
 .text.read_rockchip_image
                0x0000000000208980       0xfc cmd/built-in.o
 .text.do_boot_rockchip
                0x0000000000208a7c      0x238 cmd/built-in.o
 .text.efi_do_enter
                0x0000000000208cb4       0x5c cmd/built-in.o
 .text.efi_run_in_el2
                0x0000000000208d10       0x3c cmd/built-in.o
 .text.do_bootefi_exec
                0x0000000000208d4c      0x2e4 cmd/built-in.o
 .text.do_bootefi
                0x0000000000209030       0xb8 cmd/built-in.o
 .text.efi_set_bootdev
                0x00000000002090e8      0x11c cmd/built-in.o
                0x00000000002090e8                efi_set_bootdev
 .text.do_bootz
                0x0000000000209204      0x100 cmd/built-in.o
                0x0000000000209204                do_bootz
 .text.do_booti
                0x0000000000209304      0x16c cmd/built-in.o
                0x0000000000209304                do_booti
 .text.do_coninfo
                0x0000000000209470       0xdc cmd/built-in.o
 .text.do_charge_display
                0x000000000020954c      0x10c cmd/built-in.o
 .text.dump_hash
                0x0000000000209658       0x74 cmd/built-in.o
 .text.do_crypto_csum
                0x00000000002096cc      0x260 cmd/built-in.o
 .text.do_dtimg
                0x000000000020992c       0x94 cmd/built-in.o
 .text.dtimg_get_fdt.part.0
                0x00000000002099c0      0x104 cmd/built-in.o
 .text.do_dtimg_start
                0x0000000000209ac4       0x1c cmd/built-in.o
 .text.do_dtimg_dump
                0x0000000000209ae0       0x80 cmd/built-in.o
 .text.do_dtimg_size
                0x0000000000209b60       0x1c cmd/built-in.o
 .text.do_echo  0x0000000000209b7c       0xd4 cmd/built-in.o
 .text.do_exit  0x0000000000209c50       0x40 cmd/built-in.o
 .text.do_ext4_size
                0x0000000000209c90        0x8 cmd/built-in.o
                0x0000000000209c90                do_ext4_size
 .text.do_ext4_load
                0x0000000000209c98        0x8 cmd/built-in.o
                0x0000000000209c98                do_ext4_load
 .text.do_ext4_ls
                0x0000000000209ca0        0x8 cmd/built-in.o
                0x0000000000209ca0                do_ext4_ls
 .text.do_ext2load
                0x0000000000209ca8        0x8 cmd/built-in.o
                0x0000000000209ca8                do_ext2load
 .text.do_ext2ls
                0x0000000000209cb0        0x8 cmd/built-in.o
 .text.do_fat_size
                0x0000000000209cb8        0x8 cmd/built-in.o
                0x0000000000209cb8                do_fat_size
 .text.do_fat_fsload
                0x0000000000209cc0        0x8 cmd/built-in.o
                0x0000000000209cc0                do_fat_fsload
 .text.do_fat_ls
                0x0000000000209cc8        0x8 cmd/built-in.o
 .text.do_fat_fsinfo
                0x0000000000209cd0       0x94 cmd/built-in.o
 .text.do_fat_fswrite
                0x0000000000209d64      0x120 cmd/built-in.o
 .text.fdt_valid
                0x0000000000209e84       0xcc cmd/built-in.o
 .text.is_printable_string
                0x0000000000209f50       0x84 cmd/built-in.o
 .text.print_data.part.0
                0x0000000000209fd4      0x1b4 cmd/built-in.o
 .text.set_working_fdt_addr
                0x000000000020a188       0x18 cmd/built-in.o
                0x000000000020a188                set_working_fdt_addr
 .text.do_fdt   0x000000000020a1a0      0xf80 cmd/built-in.o
 .text.do_size_wrapper
                0x000000000020b120        0x8 cmd/built-in.o
 .text.do_load_wrapper
                0x000000000020b128       0x80 cmd/built-in.o
 .text.do_save_wrapper
                0x000000000020b1a8        0x8 cmd/built-in.o
 .text.do_ls_wrapper
                0x000000000020b1b0        0x8 cmd/built-in.o
 .text.do_fstype_wrapper
                0x000000000020b1b8        0x4 cmd/built-in.o
 .text.gpio_get_description
                0x000000000020b1bc       0xcc cmd/built-in.o
 .text.do_gpio  0x000000000020b288      0x364 cmd/built-in.o
 .text.do_pin_detect
                0x000000000020b5ec      0x270 cmd/built-in.o
 .text.do_board_download
                0x000000000020b85c        0x4 cmd/built-in.o
                0x000000000020b85c                do_board_download
 .text.do_download
                0x000000000020b860       0x50 cmd/built-in.o
 .text.do_mem_md
                0x000000000020b8b0       0xf4 cmd/built-in.o
 .text.do_mem_base
                0x000000000020b9a4       0x4c cmd/built-in.o
 .text.do_mem_crc
                0x000000000020b9f0       0x30 cmd/built-in.o
 .text.do_mem_loop
                0x000000000020ba20      0x128 cmd/built-in.o
 .text.do_mem_cmp
                0x000000000020bb48      0x1a4 cmd/built-in.o
 .text.mod_mem.part.0
                0x000000000020bcec      0x1b4 cmd/built-in.o
 .text.do_mem_mm
                0x000000000020bea0       0x1c cmd/built-in.o
 .text.do_mem_nm
                0x000000000020bebc       0x1c cmd/built-in.o
 .text.do_mem_mw
                0x000000000020bed8      0x108 cmd/built-in.o
 .text.do_mem_cp
                0x000000000020bfe0       0xc0 cmd/built-in.o
 .text.extract_range
                0x000000000020c0a0       0xfc cmd/built-in.o
 .text.do_mii   0x000000000020c19c      0x8dc cmd/built-in.o
 .text.do_mdio  0x000000000020ca78      0x4a0 cmd/built-in.o
 .text.init_mmc_device
                0x000000000020cf18       0x64 cmd/built-in.o
 .text.do_mmc_rescan
                0x000000000020cf7c       0x28 cmd/built-in.o
 .text.do_mmcrpmb
                0x000000000020cfa4      0x120 cmd/built-in.o
 .text.do_mmcops
                0x000000000020d0c4       0xd4 cmd/built-in.o
 .text.do_mmc_dev
                0x000000000020d198      0x14c cmd/built-in.o
 .text.do_mmc_setdsr
                0x000000000020d2e4       0xbc cmd/built-in.o
 .text.do_mmcrpmb_counter
                0x000000000020d3a0       0x50 cmd/built-in.o
 .text.do_mmcrpmb_write
                0x000000000020d3f0      0x104 cmd/built-in.o
 .text.do_mmcrpmb_read
                0x000000000020d4f4      0x11c cmd/built-in.o
 .text.do_mmcrpmb_key
                0x000000000020d610       0xa0 cmd/built-in.o
 .text.do_mmc_testefuse
                0x000000000020d6b0       0x50 cmd/built-in.o
 .text.do_mmc_hwpartition
                0x000000000020d700      0x4f4 cmd/built-in.o
 .text.do_mmc_list
                0x000000000020dbf4       0x1c cmd/built-in.o
 .text.do_mmcinfo
                0x000000000020dc10      0x3c0 cmd/built-in.o
 .text.do_mmc_test_secure_storage
                0x000000000020dfd0       0xec cmd/built-in.o
 .text.do_mmc_part
                0x000000000020e0bc       0x64 cmd/built-in.o
 .text.do_mmc_erase
                0x000000000020e120      0x104 cmd/built-in.o
 .text.do_mmc_write
                0x000000000020e224      0x124 cmd/built-in.o
 .text.do_mmc_read
                0x000000000020e348       0xfc cmd/built-in.o
 .text.init_rpmb
                0x000000000020e444       0xb0 cmd/built-in.o
                0x000000000020e444                init_rpmb
 .text.finish_rpmb
                0x000000000020e4f4       0x30 cmd/built-in.o
                0x000000000020e4f4                finish_rpmb
 .text.do_readcounter
                0x000000000020e524       0x2c cmd/built-in.o
                0x000000000020e524                do_readcounter
 .text.do_programkey
                0x000000000020e550       0x2c cmd/built-in.o
                0x000000000020e550                do_programkey
 .text.do_authenticatedread
                0x000000000020e57c       0x34 cmd/built-in.o
                0x000000000020e57c                do_authenticatedread
 .text.do_authenticatedwrite
                0x000000000020e5b0       0x2c cmd/built-in.o
                0x000000000020e5b0                do_authenticatedwrite
 .text.do_returnmmc
                0x000000000020e5dc        0xc cmd/built-in.o
                0x000000000020e5dc                do_returnmmc
 .text.netboot_common
                0x000000000020e5e8      0x270 cmd/built-in.o
 .text.do_bootp
                0x000000000020e858        0xc cmd/built-in.o
 .text.do_dhcp  0x000000000020e864        0xc cmd/built-in.o
 .text.do_nfs   0x000000000020e870        0xc cmd/built-in.o
 .text.do_tftpb
                0x000000000020e87c       0x58 cmd/built-in.o
                0x000000000020e87c                do_tftpb
 .text.do_ping  0x000000000020e8d4       0x7c cmd/built-in.o
 .text.do_part_list
                0x000000000020e950      0x18c cmd/built-in.o
 .text.do_part_start
                0x000000000020eadc       0xdc cmd/built-in.o
 .text.do_part_size
                0x000000000020ebb8       0xdc cmd/built-in.o
 .text.do_part  0x000000000020ec94      0x128 cmd/built-in.o
 .text.eol_or_eof
                0x000000000020edbc       0x24 cmd/built-in.o
 .text.do_pxe   0x000000000020ede0       0x90 cmd/built-in.o
 .text.label_print
                0x000000000020ee70       0x1c cmd/built-in.o
 .text.do_get_tftp
                0x000000000020ee8c       0x3c cmd/built-in.o
 .text.from_env
                0x000000000020eec8       0x3c cmd/built-in.o
 .text.label_destroy
                0x000000000020ef04       0x68 cmd/built-in.o
 .text.destroy_pxe_menu
                0x000000000020ef6c       0x68 cmd/built-in.o
 .text.do_get_any
                0x000000000020efd4       0x44 cmd/built-in.o
 .text.do_get_fat
                0x000000000020f018       0x40 cmd/built-in.o
 .text.do_get_ext2
                0x000000000020f058       0x40 cmd/built-in.o
 .text.format_mac_pxe.constprop.0
                0x000000000020f098       0x6c cmd/built-in.o
 .text.get_relfile
                0x000000000020f104      0x138 cmd/built-in.o
 .text.get_pxe_file
                0x000000000020f23c       0x60 cmd/built-in.o
 .text.get_pxelinux_path
                0x000000000020f29c       0x98 cmd/built-in.o
 .text.do_pxe_get
                0x000000000020f334      0x168 cmd/built-in.o
 .text.get_relfile_envaddr
                0x000000000020f49c       0x5c cmd/built-in.o
 .text.get_string.isra.0
                0x000000000020f4f8       0xdc cmd/built-in.o
 .text.get_token
                0x000000000020f5d4      0x12c cmd/built-in.o
 .text.parse_sliteral
                0x000000000020f700       0x6c cmd/built-in.o
 .text.parse_integer
                0x000000000020f76c       0x84 cmd/built-in.o
 .text.parse_pxefile_top
                0x000000000020f7f0      0x3fc cmd/built-in.o
 .text.handle_include
                0x000000000020fbec       0xc4 cmd/built-in.o
 .text.parse_pxefile
                0x000000000020fcb0       0x7c cmd/built-in.o
 .text.label_boot
                0x000000000020fd2c      0x56c cmd/built-in.o
 .text.handle_pxe_menu
                0x0000000000210298      0x188 cmd/built-in.o
 .text.do_pxe_boot
                0x0000000000210420       0xf0 cmd/built-in.o
 .text.do_sysboot
                0x0000000000210510      0x208 cmd/built-in.o
 .text.rkusb_fini
                0x0000000000210718       0x6c cmd/built-in.o
 .text.rkusb_erase_sector
                0x0000000000210784       0x20 cmd/built-in.o
 .text.rkusb_write_sector
                0x00000000002107a4       0x6c cmd/built-in.o
 .text.do_rkusb
                0x0000000000210810      0x448 cmd/built-in.o
 .text.rkusb_read_sector
                0x0000000000210c58       0x5c cmd/built-in.o
 .text.do_false
                0x0000000000210cb4        0x8 cmd/built-in.o
 .text.do_true  0x0000000000210cbc        0x8 cmd/built-in.o
 .text.do_test  0x0000000000210cc4      0x360 cmd/built-in.o
 .text.usb_get_class_desc
                0x0000000000211024       0xac cmd/built-in.o
 .text.usb_display_class_sub
                0x00000000002110d0      0x18c cmd/built-in.o
 .text.usb_display_desc
                0x000000000021125c      0x14c cmd/built-in.o
 .text.usb_show_tree_graph
                0x00000000002113a8      0x230 cmd/built-in.o
 .text.usb_show_subtree
                0x00000000002115d8       0x38 cmd/built-in.o
 .text.usb_for_each_root_dev
                0x0000000000211610       0x68 cmd/built-in.o
 .text.usb_display_string
                0x0000000000211678       0x4c cmd/built-in.o
 .text.usb_display_config
                0x00000000002116c4      0x254 cmd/built-in.o
 .text.usb_show_info
                0x0000000000211918       0x78 cmd/built-in.o
 .text.usb_find_device
                0x0000000000211990       0xb0 cmd/built-in.o
 .text.do_usbboot
                0x0000000000211a40        0xc cmd/built-in.o
 .text.do_usb_start
                0x0000000000211a4c       0x30 cmd/built-in.o
 .text.usb_show_tree
                0x0000000000211a7c        0xc cmd/built-in.o
                0x0000000000211a7c                usb_show_tree
 .text.do_usb   0x0000000000211a88      0x3ec cmd/built-in.o
 .text.common_diskboot
                0x0000000000211e74      0x2a4 cmd/built-in.o
                0x0000000000211e74                common_diskboot
 .text.do_fastboot
                0x0000000000212118      0x210 cmd/built-in.o
 .text.do_sleepms
                0x0000000000212328       0x60 cmd/built-in.o
 .text.ums_fini
                0x0000000000212388       0x70 cmd/built-in.o
 .text.ums_write_sector
                0x00000000002123f8       0x20 cmd/built-in.o
 .text.ums_read_sector
                0x0000000000212418       0x20 cmd/built-in.o
 .text.do_usb_mass_storage
                0x0000000000212438      0x354 cmd/built-in.o
 .text.extract_val
                0x000000000021278c       0xa0 cmd/built-in.o
 .text.extract_env
                0x000000000021282c       0xf8 cmd/built-in.o
 .text.set_gpt_info.constprop.0
                0x0000000000212924      0x46c cmd/built-in.o
 .text.do_gpt   0x0000000000212d90      0x2dc cmd/built-in.o
 .text.test_secure_storage_default
                0x000000000021306c      0x240 cmd/built-in.o
                0x000000000021306c                test_secure_storage_default
 .text.test_secure_storage_security_partition
                0x00000000002132ac      0x230 cmd/built-in.o
                0x00000000002132ac                test_secure_storage_security_partition
 .text.do_rkimg_test
                0x00000000002134dc      0x170 cmd/built-in.o
 .text.do_dump_atags
                0x000000000021364c      0x868 cmd/built-in.o
 .text.do_env_delete
                0x0000000000213eb4       0xc4 cmd/built-in.o
 .text.do_env_save
                0x0000000000213f78       0x30 cmd/built-in.o
 .text.do_env   0x0000000000213fa8       0x84 cmd/built-in.o
 .text.env_print
                0x000000000021402c       0xc4 cmd/built-in.o
 .text.do_env_print
                0x00000000002140f0       0xe0 cmd/built-in.o
 .text.do_env_import
                0x00000000002141d0      0x254 cmd/built-in.o
 .text.do_env_default
                0x0000000000214424       0x84 cmd/built-in.o
 .text.do_env_exists
                0x00000000002144a8       0x60 cmd/built-in.o
 .text._do_env_set.constprop.0
                0x0000000000214508      0x1b8 cmd/built-in.o
 .text.do_env_set
                0x00000000002146c0       0x20 cmd/built-in.o
 .text.get_env_id
                0x00000000002146e0        0xc cmd/built-in.o
                0x00000000002146e0                get_env_id
 .text.env_set  0x00000000002146ec       0x58 cmd/built-in.o
                0x00000000002146ec                env_set
 .text.env_set_ulong
                0x0000000000214744       0x2c cmd/built-in.o
                0x0000000000214744                env_set_ulong
 .text.env_set_hex
                0x0000000000214770       0x3c cmd/built-in.o
                0x0000000000214770                env_set_hex
 .text.do_env_export
                0x00000000002147ac      0x224 cmd/built-in.o
 .text.envmatch
                0x00000000002149d0       0x7c cmd/built-in.o
                0x00000000002149d0                envmatch
 .text.env_get_f
                0x0000000000214a4c       0xe8 cmd/built-in.o
                0x0000000000214a4c                env_get_f
 .text.env_get  0x0000000000214b34       0x70 cmd/built-in.o
                0x0000000000214b34                env_get
 .text.env_update_extract_subset
                0x0000000000214ba4      0x13c cmd/built-in.o
                0x0000000000214ba4                env_update_extract_subset
 .text.env_exist
                0x0000000000214ce0      0x150 cmd/built-in.o
                0x0000000000214ce0                env_exist
 .text.env_delete
                0x0000000000214e30       0x9c cmd/built-in.o
                0x0000000000214e30                env_delete
 .text.env_get_hex
                0x0000000000214ecc       0x44 cmd/built-in.o
                0x0000000000214ecc                env_get_hex
 .text.env_get_ulong
                0x0000000000214f10       0x40 cmd/built-in.o
                0x0000000000214f10                env_get_ulong
 .text.do_env_edit.part.0
                0x0000000000214f50       0xb4 cmd/built-in.o
 .text.do_env_edit
                0x0000000000215004       0x28 cmd/built-in.o
 .text.env_append.isra.0
                0x000000000021502c       0xf8 cmd/built-in.o
 .text.env_update_filter
                0x0000000000215124      0x408 cmd/built-in.o
                0x0000000000215124                env_update_filter
 .text.env_update
                0x000000000021552c        0x8 cmd/built-in.o
                0x000000000021552c                env_update
 .text.do_env_update
                0x0000000000215534       0x18 cmd/built-in.o
 .text.board_init_f_alloc_reserve
                0x000000000021554c       0x10 common/built-in.o
                0x000000000021554c                board_init_f_alloc_reserve
 .text.board_init_f_init_reserve
                0x000000000021555c       0x30 common/built-in.o
                0x000000000021555c                board_init_f_init_reserve
 .text.show_boot_progress
                0x000000000021558c        0x8 common/built-in.o
                0x000000000021558c                show_boot_progress
 .text.main_loop
                0x0000000000215594       0x68 common/built-in.o
                0x0000000000215594                main_loop
 .text.mdelay   0x00000000002155fc       0x30 common/built-in.o
 .text.dummy    0x000000000021562c        0x4 common/built-in.o
 .text.get_version
                0x0000000000215630        0x8 common/built-in.o
                0x0000000000215630                get_version
 .text.jumptable_init
                0x0000000000215638      0x1f0 common/built-in.o
                0x0000000000215638                jumptable_init
 .text.hash_finish_crc32
                0x0000000000215828       0x38 common/built-in.o
 .text.hash_update_crc32
                0x0000000000215860       0x34 common/built-in.o
 .text.hash_init_crc32
                0x0000000000215894       0x30 common/built-in.o
 .text.hash_finish_sha256
                0x00000000002158c4       0x48 common/built-in.o
 .text.hash_update_sha256
                0x000000000021590c       0x24 common/built-in.o
 .text.hash_init_sha256
                0x0000000000215930       0x34 common/built-in.o
 .text.hash_finish_sha1
                0x0000000000215964       0x48 common/built-in.o
 .text.hash_update_sha1
                0x00000000002159ac       0x24 common/built-in.o
 .text.hash_init_sha1
                0x00000000002159d0       0x34 common/built-in.o
 .text.hash_lookup_algo
                0x0000000000215a04       0x74 common/built-in.o
                0x0000000000215a04                hash_lookup_algo
 .text.hash_block
                0x0000000000215a78       0x88 common/built-in.o
                0x0000000000215a78                hash_block
 .text.hash_command
                0x0000000000215b00      0x1d4 common/built-in.o
                0x0000000000215b00                hash_command
 .text.b_reset  0x0000000000215cd4       0x18 common/built-in.o
 .text.static_get
                0x0000000000215cec       0x1c common/built-in.o
 .text.static_peek
                0x0000000000215d08        0xc common/built-in.o
 .text.mapset   0x0000000000215d14       0x20 common/built-in.o
 .text.syntax_err
                0x0000000000215d34        0xc common/built-in.o
 .text.xmalloc  0x0000000000215d40       0x28 common/built-in.o
 .text.new_pipe
                0x0000000000215d68       0x24 common/built-in.o
 .text.xrealloc
                0x0000000000215d8c       0x28 common/built-in.o
 .text.is_assignment
                0x0000000000215db4       0x50 common/built-in.o
 .text.do_showvar
                0x0000000000215e04      0x10c common/built-in.o
 .text.b_addchr
                0x0000000000215f10       0x94 common/built-in.o
 .text.done_command.isra.0
                0x0000000000215fa4       0x90 common/built-in.o
 .text.done_pipe.isra.0
                0x0000000000216034       0x48 common/built-in.o
 .text.done_word
                0x000000000021607c      0x28c common/built-in.o
 .text.free_pipe_list.isra.0
                0x0000000000216308       0xd0 common/built-in.o
 .text.file_get
                0x00000000002163d8      0x1e4 common/built-in.o
 .text.b_addqchr.isra.0
                0x00000000002165bc       0x58 common/built-in.o
 .text.file_peek
                0x0000000000216614        0xc common/built-in.o
 .text.get_local_var
                0x0000000000216620       0x9c common/built-in.o
                0x0000000000216620                get_local_var
 .text.set_local_var
                0x00000000002166bc      0x1a0 common/built-in.o
                0x00000000002166bc                set_local_var
 .text.insert_var_value_sub
                0x000000000021685c      0x2b0 common/built-in.o
 .text.parse_string_outer
                0x0000000000216b0c       0xe4 common/built-in.o
                0x0000000000216b0c                parse_string_outer
 .text.run_list_real
                0x0000000000216bf0      0x728 common/built-in.o
 .text.parse_stream_outer
                0x0000000000217318      0x66c common/built-in.o
 .text.parse_file_outer
                0x0000000000217984       0x40 common/built-in.o
                0x0000000000217984                parse_file_outer
 .text.u_boot_hush_start
                0x00000000002179c4       0x58 common/built-in.o
                0x00000000002179c4                u_boot_hush_start
 .text.bootdelay_process
                0x0000000000217a1c       0xcc common/built-in.o
                0x0000000000217a1c                bootdelay_process
 .text.autoboot_command
                0x0000000000217ae8      0x114 common/built-in.o
                0x0000000000217ae8                autoboot_command
 .text.log_init
                0x0000000000217bfc       0x10 common/built-in.o
 .text.display_text_info
                0x0000000000217c0c        0x8 common/built-in.o
 .text.setup_mon_len
                0x0000000000217c14       0x20 common/built-in.o
 .text.reserve_round_4k
                0x0000000000217c34       0x14 common/built-in.o
 .text.reserve_uboot
                0x0000000000217c48       0x2c common/built-in.o
 .text.reserve_malloc
                0x0000000000217c74       0x1c common/built-in.o
 .text.reserve_global_data
                0x0000000000217c90       0x1c common/built-in.o
 .text.reserve_fdt
                0x0000000000217cac       0xac common/built-in.o
 .text.reserve_mmu
                0x0000000000217d58       0x4c common/built-in.o
                0x0000000000217d58                reserve_mmu
 .text.reloc_fdt
                0x0000000000217da4       0x4c common/built-in.o
 .text.announce_serial
                0x0000000000217df0       0x5c common/built-in.o
 .text.setup_reloc
                0x0000000000217e4c       0xac common/built-in.o
 .text.announce_dram_init
                0x0000000000217ef8       0x20 common/built-in.o
 .text.reserve_board
                0x0000000000217f18       0x48 common/built-in.o
 .text.reserve_video
                0x0000000000217f60       0x2c common/built-in.o
 .text.initf_dm
                0x0000000000217f8c        0x8 common/built-in.o
 .text.initf_bootstage
                0x0000000000217f94       0x1c common/built-in.o
 .text.init_baud_rate
                0x0000000000217fb0       0x4c common/built-in.o
 .text.arch_cpu_init_dm
                0x0000000000217ffc        0x8 common/built-in.o
                0x0000000000217ffc                arch_cpu_init_dm
 .text.mach_cpu_init
                0x0000000000218004        0x8 common/built-in.o
                0x0000000000218004                mach_cpu_init
 .text.reserve_trace
                0x000000000021800c        0x8 common/built-in.o
 .text.setup_machine
                0x0000000000218014        0x8 common/built-in.o
 .text.reserve_bootstage
                0x000000000021801c        0x8 common/built-in.o
 .text.display_new_sp
                0x0000000000218024        0x8 common/built-in.o
 .text.reloc_bootstage
                0x000000000021802c        0x8 common/built-in.o
 .text.initf_console_record
                0x0000000000218034        0x8 common/built-in.o
 .text.reserve_arch
                0x000000000021803c        0x8 common/built-in.o
                0x000000000021803c                reserve_arch
 .text.board_add_ram_info
                0x0000000000218044        0x4 common/built-in.o
                0x0000000000218044                board_add_ram_info
 .text.show_dram_config
                0x0000000000218048       0x68 common/built-in.o
 .text.setup_dest_addr
                0x00000000002180b0       0x48 common/built-in.o
 .text.reserve_stacks
                0x00000000002180f8       0x1c common/built-in.o
 .text.board_init_f
                0x0000000000218114       0x2c common/built-in.o
                0x0000000000218114                board_init_f
 .text.initr_trace
                0x0000000000218140        0x8 common/built-in.o
 .text.initr_reloc
                0x0000000000218148       0x18 common/built-in.o
 .text.initr_announce
                0x0000000000218160       0x10 common/built-in.o
 .text.run_main_loop
                0x0000000000218170       0x10 common/built-in.o
 .text.initr_net
                0x0000000000218180       0x24 common/built-in.o
 .text.initr_ethaddr
                0x00000000002181a4       0x28 common/built-in.o
 .text.initr_jumptable
                0x00000000002181cc       0x18 common/built-in.o
 .text.initr_serial
                0x00000000002181e4       0x18 common/built-in.o
 .text.initr_env_nowhere
                0x00000000002181fc       0x1c common/built-in.o
 .text.initr_dm
                0x0000000000218218       0x14 common/built-in.o
 .text.initr_of_live
                0x000000000021822c        0xc common/built-in.o
 .text.initr_enable_interrupts
                0x0000000000218238       0x18 common/built-in.o
 .text.initr_bootstage
                0x0000000000218250       0x1c common/built-in.o
 .text.initr_malloc
                0x000000000021826c       0x28 common/built-in.o
 .text.initr_reloc_global_data
                0x0000000000218294       0x3c common/built-in.o
 .text.initr_caches
                0x00000000002182d0       0x90 common/built-in.o
 .text.bootstage_relocate
                0x0000000000218360        0x8 common/built-in.o
 .text.initr_barrier
                0x0000000000218368        0x8 common/built-in.o
 .text.initr_console_record
                0x0000000000218370        0x8 common/built-in.o
 .text.power_init_board
                0x0000000000218378        0x8 common/built-in.o
                0x0000000000218378                power_init_board
 .text.initr_mmc
                0x0000000000218380        0x8 common/built-in.o
 .text.board_initr_caches_fixup
                0x0000000000218388        0x8 common/built-in.o
                0x0000000000218388                board_initr_caches_fixup
 .text.cpu_secondary_init_r
                0x0000000000218390        0x4 common/built-in.o
                0x0000000000218390                cpu_secondary_init_r
 .text.initr_secondary_cpu
                0x0000000000218394       0x18 common/built-in.o
 .text.board_init_r
                0x00000000002183ac       0x24 common/built-in.o
                0x00000000002183ac                board_init_r
 .text.checkboard
                0x00000000002183d0        0x8 common/built-in.o
                0x00000000002183d0                checkboard
 .text.show_board_info
                0x00000000002183d8       0x4c common/built-in.o
                0x00000000002183d8                show_board_info
 .text.bootm_find_images
                0x0000000000218424       0xd8 common/built-in.o
                0x0000000000218424                bootm_find_images
 .text.bootm_parse_comp
                0x00000000002184fc       0x48 common/built-in.o
                0x00000000002184fc                bootm_parse_comp
 .text.bootm_decomp_image
                0x0000000000218544      0x1c8 common/built-in.o
                0x0000000000218544                bootm_decomp_image
 .text.bootm_disable_interrupts
                0x000000000021870c       0x4c common/built-in.o
                0x000000000021870c                bootm_disable_interrupts
 .text.do_bootm_states
                0x0000000000218758      0x954 common/built-in.o
                0x0000000000218758                do_bootm_states
 .text.copy_args
                0x00000000002190ac       0x6c common/built-in.o
 .text.do_bootm_plan9
                0x0000000000219118       0xc0 common/built-in.o
 .text.do_bootm_netbsd
                0x00000000002191d8      0x120 common/built-in.o
 .text.do_bootm_standalone
                0x00000000002192f8       0x74 common/built-in.o
 .text.do_bootm_rtems
                0x000000000021936c       0x60 common/built-in.o
 .text.do_bootvx_fdt
                0x00000000002193cc      0x118 common/built-in.o
                0x00000000002193cc                do_bootvx_fdt
 .text.do_bootm_vxworks
                0x00000000002194e4       0x3c common/built-in.o
 .text.boot_selected_os
                0x0000000000219520       0x80 common/built-in.o
                0x0000000000219520                boot_selected_os
 .text.bootm_os_get_boot_func
                0x00000000002195a0       0x10 common/built-in.o
                0x00000000002195a0                bootm_os_get_boot_func
 .text.of_bus_default_map
                0x00000000002195b0       0xa4 common/built-in.o
 .text.fdt_pack_reg
                0x0000000000219654       0xd8 common/built-in.o
 .text.of_bus_default_translate
                0x000000000021972c       0xb8 common/built-in.o
 .text.fdt_support_default_count_cells
                0x00000000002197e4       0x70 common/built-in.o
                0x00000000002197e4                fdt_support_default_count_cells
 .text.fdt_find_and_setprop
                0x0000000000219854       0x94 common/built-in.o
                0x0000000000219854                fdt_find_and_setprop
 .text.fdt_find_or_add_subnode
                0x00000000002198e8       0x74 common/built-in.o
                0x00000000002198e8                fdt_find_or_add_subnode
 .text.fdt_setprop_uxx
                0x000000000021995c       0x38 common/built-in.o
                0x000000000021995c                fdt_setprop_uxx
 .text.fdt_root
                0x0000000000219994       0x98 common/built-in.o
                0x0000000000219994                fdt_root
 .text.fdt_initrd
                0x0000000000219a2c      0x16c common/built-in.o
                0x0000000000219a2c                fdt_initrd
 .text.fdt_chosen
                0x0000000000219b98       0xb8 common/built-in.o
                0x0000000000219b98                fdt_chosen
 .text.do_fixup_by_path
                0x0000000000219c50       0x4c common/built-in.o
                0x0000000000219c50                do_fixup_by_path
 .text.do_fixup_by_path_u32
                0x0000000000219c9c       0x28 common/built-in.o
                0x0000000000219c9c                do_fixup_by_path_u32
 .text.fdt_fixup_memory_banks
                0x0000000000219cc4      0x164 common/built-in.o
                0x0000000000219cc4                fdt_fixup_memory_banks
 .text.fdt_fixup_memory
                0x0000000000219e28       0x24 common/built-in.o
                0x0000000000219e28                fdt_fixup_memory
 .text.fdt_update_reserved_memory
                0x0000000000219e4c       0xa0 common/built-in.o
                0x0000000000219e4c                fdt_update_reserved_memory
 .text.fdt_fixup_ethernet
                0x0000000000219eec      0x1ac common/built-in.o
                0x0000000000219eec                fdt_fixup_ethernet
 .text.fdt_shrink_to_minimum
                0x000000000021a098       0xc8 common/built-in.o
                0x000000000021a098                fdt_shrink_to_minimum
 .text.fdt_increase_size
                0x000000000021a160       0x14 common/built-in.o
                0x000000000021a160                fdt_increase_size
 .text.fdt_translate_address
                0x000000000021a174      0x264 common/built-in.o
                0x000000000021a174                fdt_translate_address
 .text.fdt_get_base_address
                0x000000000021a3d8       0x4c common/built-in.o
                0x000000000021a3d8                fdt_get_base_address
 .text.fdt_overlay_apply_verbose
                0x000000000021a424       0x80 common/built-in.o
                0x000000000021a424                fdt_overlay_apply_verbose
 .text.miiphy_get_dev_by_name
                0x000000000021a4a4       0x68 common/built-in.o
                0x000000000021a4a4                miiphy_get_dev_by_name
 .text.miiphy_init
                0x000000000021a50c       0x1c common/built-in.o
                0x000000000021a50c                miiphy_init
 .text.mdio_alloc
                0x000000000021a528       0x3c common/built-in.o
                0x000000000021a528                mdio_alloc
 .text.mdio_free
                0x000000000021a564        0x4 common/built-in.o
                0x000000000021a564                mdio_free
 .text.mdio_register
                0x000000000021a568       0x8c common/built-in.o
                0x000000000021a568                mdio_register
 .text.mdio_unregister
                0x000000000021a5f4       0x30 common/built-in.o
                0x000000000021a5f4                mdio_unregister
 .text.mdio_list_devices
                0x000000000021a624       0xc8 common/built-in.o
                0x000000000021a624                mdio_list_devices
 .text.miiphy_set_current_dev
                0x000000000021a6ec       0x48 common/built-in.o
                0x000000000021a6ec                miiphy_set_current_dev
 .text.miiphy_get_active_dev
                0x000000000021a734       0x60 common/built-in.o
 .text.mdio_get_current_dev
                0x000000000021a794        0xc common/built-in.o
                0x000000000021a794                mdio_get_current_dev
 .text.mdio_phydev_for_ethname
                0x000000000021a7a0       0xa0 common/built-in.o
                0x000000000021a7a0                mdio_phydev_for_ethname
 .text.miiphy_get_current_dev
                0x000000000021a840       0x14 common/built-in.o
                0x000000000021a840                miiphy_get_current_dev
 .text.miiphy_read
                0x000000000021a854       0x5c common/built-in.o
                0x000000000021a854                miiphy_read
 .text.miiphy_write
                0x000000000021a8b0       0x60 common/built-in.o
                0x000000000021a8b0                miiphy_write
 .text.miiphy_listdev
                0x000000000021a910       0x90 common/built-in.o
                0x000000000021a910                miiphy_listdev
 .text.miiphy_info
                0x000000000021a9a0       0xa0 common/built-in.o
                0x000000000021a9a0                miiphy_info
 .text.miiphy_speed
                0x000000000021aa40       0xc8 common/built-in.o
                0x000000000021aa40                miiphy_speed
 .text.miiphy_duplex
                0x000000000021ab08       0xc8 common/built-in.o
                0x000000000021ab08                miiphy_duplex
 .text.miiphy_is_1000base_x
                0x000000000021abd0        0x8 common/built-in.o
                0x000000000021abd0                miiphy_is_1000base_x
 .text.usb_set_maxpacket_ep
                0x000000000021abd8       0x84 common/built-in.o
 .text.usb_int_msg
                0x000000000021ac5c        0x4 common/built-in.o
                0x000000000021ac5c                usb_int_msg
 .text.usb_control_msg
                0x000000000021ac60       0xbc common/built-in.o
                0x000000000021ac60                usb_control_msg
 .text.usb_get_descriptor
                0x000000000021ad1c       0x5c common/built-in.o
 .text.get_descriptor_len
                0x000000000021ad78       0xa4 common/built-in.o
 .text.usb_setup_descriptor
                0x000000000021ae1c       0xec common/built-in.o
 .text.usb_get_string
                0x000000000021af08       0xa4 common/built-in.o
 .text.usb_string_sub
                0x000000000021afac      0x114 common/built-in.o
 .text.usb_bulk_msg
                0x000000000021b0c0       0x78 common/built-in.o
                0x000000000021b0c0                usb_bulk_msg
 .text.usb_maxpacket
                0x000000000021b138       0x1c common/built-in.o
                0x000000000021b138                usb_maxpacket
 .text.usb_clear_halt
                0x000000000021b154       0x9c common/built-in.o
                0x000000000021b154                usb_clear_halt
 .text.usb_get_configuration_len
                0x000000000021b1f0       0x78 common/built-in.o
                0x000000000021b1f0                usb_get_configuration_len
 .text.usb_get_configuration_no
                0x000000000021b268       0x40 common/built-in.o
                0x000000000021b268                usb_get_configuration_no
 .text.usb_set_interface
                0x000000000021b2a8       0xb0 common/built-in.o
                0x000000000021b2a8                usb_set_interface
 .text.usb_string
                0x000000000021b358      0x118 common/built-in.o
                0x000000000021b358                usb_string
 .text.usb_select_config
                0x000000000021b470      0x50c common/built-in.o
                0x000000000021b470                usb_select_config
 .text.usb_setup_device
                0x000000000021b97c      0x124 common/built-in.o
                0x000000000021b97c                usb_setup_device
 .text.usb_device_has_child_on_port
                0x000000000021baa0        0x8 common/built-in.o
                0x000000000021baa0                usb_device_has_child_on_port
 .text.usb_find_usb2_hub_address_port
                0x000000000021baa8       0x90 common/built-in.o
                0x000000000021baa8                usb_find_usb2_hub_address_port
 .text.usb_set_port_feature
                0x000000000021bb38       0x4c common/built-in.o
 .text.usb_get_hub_descriptor
                0x000000000021bb84       0x64 common/built-in.o
 .text.usb_clear_port_feature.isra.0
                0x000000000021bbe8       0x4c common/built-in.o
 .text.usb_hub_reset_devices
                0x000000000021bc34        0x4 common/built-in.o
                0x000000000021bc34                usb_hub_reset_devices
 .text.usb_hub_is_root_hub
                0x000000000021bc38       0x20 common/built-in.o
                0x000000000021bc38                usb_hub_is_root_hub
 .text.usb_get_port_status
                0x000000000021bc58       0xc8 common/built-in.o
                0x000000000021bc58                usb_get_port_status
 .text.usb_hub_port_connect_change
                0x000000000021bd20      0x17c common/built-in.o
                0x000000000021bd20                usb_hub_port_connect_change
 .text.usb_hub_configure
                0x000000000021be9c      0x59c common/built-in.o
 .text.usb_hub_scan
                0x000000000021c438       0x14 common/built-in.o
                0x000000000021c438                usb_hub_scan
 .text.usb_hub_post_probe
                0x000000000021c44c        0x4 common/built-in.o
 .text.usb_stor_irq
                0x000000000021c450       0x18 common/built-in.o
 .text.usb_stor_BBB_reset
                0x000000000021c468      0x110 common/built-in.o
 .text.usb_stor_CB_reset
                0x000000000021c578       0xe8 common/built-in.o
 .text.usb_stor_CB_comdat
                0x000000000021c660      0x1ec common/built-in.o
 .text.usb_stor_CBI_get_status
                0x000000000021c84c       0xe0 common/built-in.o
 .text.usb_stor_CB_transport
                0x000000000021c92c      0x1fc common/built-in.o
 .text.usb_request_sense.constprop.0.isra.0
                0x000000000021cb28       0x88 common/built-in.o
 .text.usb_stor_write
                0x000000000021cbb0      0x170 common/built-in.o
 .text.usb_stor_read
                0x000000000021cd20      0x170 common/built-in.o
 .text.usb_stor_BBB_clear_endpt_stall.isra.0
                0x000000000021ce90       0x4c common/built-in.o
 .text.usb_stor_BBB_transport
                0x000000000021cedc      0x268 common/built-in.o
 .text.usb_stor_info
                0x000000000021d144       0x88 common/built-in.o
                0x000000000021d144                usb_stor_info
 .text.usb_stor_reset
                0x000000000021d1cc        0xc common/built-in.o
                0x000000000021d1cc                usb_stor_reset
 .text.usb_stor_scan
                0x000000000021d1d8       0x4c common/built-in.o
                0x000000000021d1d8                usb_stor_scan
 .text.usb_storage_probe
                0x000000000021d224      0x260 common/built-in.o
                0x000000000021d224                usb_storage_probe
 .text.usb_stor_get_info
                0x000000000021d484      0x2ec common/built-in.o
                0x000000000021d484                usb_stor_get_info
 .text.usb_mass_storage_probe
                0x000000000021d770      0x198 common/built-in.o
 .text.iomux_doenv
                0x000000000021d908      0x1cc common/built-in.o
                0x000000000021d908                iomux_doenv
 .text.menu_display_statusline
                0x000000000021dad4        0x4 common/built-in.o
                0x000000000021dad4                menu_display_statusline
 .text.menu_default_set
                0x000000000021dad8       0x94 common/built-in.o
                0x000000000021dad8                menu_default_set
 .text.menu_get_choice
                0x000000000021db6c      0x1dc common/built-in.o
                0x000000000021db6c                menu_get_choice
 .text.menu_item_add
                0x000000000021dd48       0xd8 common/built-in.o
                0x000000000021dd48                menu_item_add
 .text.menu_create
                0x000000000021de20       0xa4 common/built-in.o
                0x000000000021de20                menu_create
 .text.menu_destroy
                0x000000000021dec4       0x80 common/built-in.o
                0x000000000021dec4                menu_destroy
 .text.cread_add_char
                0x000000000021df44      0x100 common/built-in.o
 .text.delete_char
                0x000000000021e044      0x108 common/built-in.o
 .text.cli_readline_into_buffer
                0x000000000021e14c      0x8bc common/built-in.o
                0x000000000021e14c                cli_readline_into_buffer
 .text.cli_readline
                0x000000000021ea08       0x14 common/built-in.o
                0x000000000021ea08                cli_readline
 .text.cli_simple_process_macros
                0x000000000021ea1c      0x210 common/built-in.o
                0x000000000021ea1c                cli_simple_process_macros
 .text.cea_db_offsets
                0x000000000021ec2c       0x84 common/built-in.o
 .text.drm_add_hdmi_modes
                0x000000000021ecb0       0x3c common/built-in.o
 .text.svd_to_vic
                0x000000000021ecec       0x1c common/built-in.o
 .text.drm_get_max_frl_rate
                0x000000000021ed08       0x88 common/built-in.o
 .text.drm_find_edid_extension
                0x000000000021ed90       0x4c common/built-in.o
 .text.cea_mode_alternate_clock
                0x000000000021eddc       0x58 common/built-in.o
 .text.hdmi_mode_alternate_clock
                0x000000000021ee34       0x24 common/built-in.o
 .text.find_gtf2
                0x000000000021ee58       0x20 common/built-in.o
 .text.mode_is_rb
                0x000000000021ee78       0x54 common/built-in.o
 .text.hdmi_infoframe_checksum
                0x000000000021eecc       0x28 common/built-in.o
 .text.hdmi_infoframe_set_checksum
                0x000000000021eef4       0x1c common/built-in.o
 .text.snip     0x000000000021ef10       0x6c common/built-in.o
 .text.cea_mode_for_vic
                0x000000000021ef7c       0x5c common/built-in.o
 .text.drm_get_vrefresh
                0x000000000021efd8       0x74 common/built-in.o
 .text.valid_inferred_mode
                0x000000000021f04c       0xf4 common/built-in.o
 .text.drm_mode_find_dmt
                0x000000000021f140       0xac common/built-in.o
 .text.cea_db_is_hdmi_vsdb
                0x000000000021f1ec       0x48 common/built-in.o
 .text.drm_for_each_detailed_block
                0x000000000021f234      0x13c common/built-in.o
 .text.drm_gtf2_hbreak
                0x000000000021f370       0x3c common/built-in.o
 .text.drm_mode_equal_no_clocks_no_stereo
                0x000000000021f3ac       0xb8 common/built-in.o
 .text.drm_match_hdmi_mode
                0x000000000021f464       0x9c common/built-in.o
 .text.is_rb    0x000000000021f500       0x20 common/built-in.o
 .text.drm_monitor_supports_rb
                0x000000000021f520       0x40 common/built-in.o
 .text.fixup_mode_1366x768
                0x000000000021f560       0x3c common/built-in.o
 .text.do_established_modes
                0x000000000021f59c       0xec common/built-in.o
 .text.drm_do_probe_ddc_edid.constprop.0
                0x000000000021f688      0x104 common/built-in.o
 .text.drm_edid_block_valid.constprop.0
                0x000000000021f78c      0x12c common/built-in.o
 .text.drm_gtf_mode_complex.constprop.0
                0x000000000021f8b8      0x168 common/built-in.o
 .text.bitmap_set.constprop.0
                0x000000000021fa20       0x68 common/built-in.o
 .text.drm_cvt_mode.constprop.0
                0x000000000021fa88      0x28c common/built-in.o
 .text.do_cvt_mode
                0x000000000021fd14      0x17c common/built-in.o
 .text.mode_in_range
                0x000000000021fe90      0x1b8 common/built-in.o
 .text.do_inferred_modes
                0x0000000000220048      0x238 common/built-in.o
 .text.drm_mode_std
                0x0000000000220280      0x3ec common/built-in.o
 .text.do_standard_modes
                0x000000000022066c       0x88 common/built-in.o
 .text.drm_display_mode_from_vic_index
                0x00000000002206f4       0x6c common/built-in.o
 .text.do_detailed_mode
                0x0000000000220760      0x440 common/built-in.o
 .text.edid_check_info
                0x0000000000220ba0       0x64 common/built-in.o
                0x0000000000220ba0                edid_check_info
 .text.edid_get_drm_mode
                0x0000000000220c04      0x1c8 common/built-in.o
                0x0000000000220c04                edid_get_drm_mode
 .text.edid_print_info
                0x0000000000220dcc      0x5f4 common/built-in.o
                0x0000000000220dcc                edid_print_info
 .text.do_cea_modes
                0x00000000002213c0       0xc4 common/built-in.o
                0x00000000002213c0                do_cea_modes
 .text.drm_detect_hdmi_monitor
                0x0000000000221484       0x70 common/built-in.o
                0x0000000000221484                drm_detect_hdmi_monitor
 .text.drm_detect_monitor_audio
                0x00000000002214f4       0x88 common/built-in.o
                0x00000000002214f4                drm_detect_monitor_audio
 .text.drm_match_cea_mode
                0x000000000022157c       0xa8 common/built-in.o
                0x000000000022157c                drm_match_cea_mode
 .text.drm_default_rgb_quant_range
                0x0000000000221624       0x24 common/built-in.o
                0x0000000000221624                drm_default_rgb_quant_range
 .text.drm_add_edid_modes
                0x0000000000221648     0x137c common/built-in.o
                0x0000000000221648                drm_add_edid_modes
 .text.hdmi_vendor_infoframe_init
                0x00000000002229c4       0x4c common/built-in.o
                0x00000000002229c4                hdmi_vendor_infoframe_init
 .text.drm_hdmi_avi_infoframe_quant_range
                0x0000000000222a10       0x54 common/built-in.o
                0x0000000000222a10                drm_hdmi_avi_infoframe_quant_range
 .text.drm_hdmi_vendor_infoframe_from_display_mode
                0x0000000000222a64      0x114 common/built-in.o
                0x0000000000222a64                drm_hdmi_vendor_infoframe_from_display_mode
 .text.hdmi_avi_infoframe_init
                0x0000000000222b78       0x3c common/built-in.o
                0x0000000000222b78                hdmi_avi_infoframe_init
 .text.drm_hdmi_avi_infoframe_from_display_mode
                0x0000000000222bb4       0xfc common/built-in.o
                0x0000000000222bb4                drm_hdmi_avi_infoframe_from_display_mode
 .text.hdmi_vendor_infoframe_pack
                0x0000000000222cb0      0x10c common/built-in.o
                0x0000000000222cb0                hdmi_vendor_infoframe_pack
 .text.drm_mode_sort
                0x0000000000222dbc      0x11c common/built-in.o
                0x0000000000222dbc                drm_mode_sort
 .text.drm_mode_prune_invalid
                0x0000000000222ed8       0xb4 common/built-in.o
                0x0000000000222ed8                drm_mode_prune_invalid
 .text.drm_rk_filter_whitelist
                0x0000000000222f8c       0x98 common/built-in.o
                0x0000000000222f8c                drm_rk_filter_whitelist
 .text.drm_rk_select_mode
                0x0000000000223024       0xf8 common/built-in.o
                0x0000000000223024                drm_rk_select_mode
 .text.drm_do_get_edid
                0x000000000022311c      0x134 common/built-in.o
                0x000000000022311c                drm_do_get_edid
 .text.drm_scdc_readb
                0x0000000000223250       0x50 common/built-in.o
                0x0000000000223250                drm_scdc_readb
 .text.drm_scdc_writeb
                0x00000000002232a0       0x94 common/built-in.o
                0x00000000002232a0                drm_scdc_writeb
 .text.bounce_buffer_start
                0x0000000000223334       0x88 common/built-in.o
                0x0000000000223334                bounce_buffer_start
 .text.bounce_buffer_stop
                0x00000000002233bc       0x5c common/built-in.o
                0x00000000002233bc                bounce_buffer_stop
 .text.console_tstc
                0x0000000000223418       0x98 common/built-in.o
 .text.console_putc
                0x00000000002234b0       0x70 common/built-in.o
 .text.on_console
                0x0000000000223520       0xc0 common/built-in.o
 .text.serial_printf
                0x00000000002235e0       0xb4 common/built-in.o
                0x00000000002235e0                serial_printf
 .text.putc     0x0000000000223694       0x84 common/built-in.o
                0x0000000000223694                putc
 .text.puts     0x0000000000223718       0x30 common/built-in.o
                0x0000000000223718                puts
 .text.tstc     0x0000000000223748       0x30 common/built-in.o
                0x0000000000223748                tstc
 .text.fgetc.part.0
                0x0000000000223778       0x50 common/built-in.o
 .text.getc     0x00000000002237c8       0x30 common/built-in.o
                0x00000000002237c8                getc
 .text.flushc   0x00000000002237f8       0x14 common/built-in.o
                0x00000000002237f8                flushc
 .text.ctrlc    0x000000000022380c       0x54 common/built-in.o
                0x000000000022380c                ctrlc
 .text.confirm_yesno
                0x0000000000223860       0xd8 common/built-in.o
                0x0000000000223860                confirm_yesno
 .text.disable_ctrlc
                0x0000000000223938       0x14 common/built-in.o
                0x0000000000223938                disable_ctrlc
 .text.had_ctrlc
                0x000000000022394c        0xc common/built-in.o
                0x000000000022394c                had_ctrlc
 .text.clear_ctrlc
                0x0000000000223958        0xc common/built-in.o
                0x0000000000223958                clear_ctrlc
 .text.search_device
                0x0000000000223964       0x34 common/built-in.o
                0x0000000000223964                search_device
 .text.console_assign
                0x0000000000223998       0xd8 common/built-in.o
                0x0000000000223998                console_assign
 .text.console_announce_r
                0x0000000000223a70       0xb8 common/built-in.o
                0x0000000000223a70                console_announce_r
 .text.console_init_f
                0x0000000000223b28       0x10 common/built-in.o
                0x0000000000223b28                console_init_f
 .text.console_init_r
                0x0000000000223b38      0x19c common/built-in.o
                0x0000000000223b38                console_init_r
 .text.sbrk     0x0000000000223cd4       0x74 common/built-in.o
                0x0000000000223cd4                sbrk
 .text.mem_malloc_init
                0x0000000000223d48       0x20 common/built-in.o
                0x0000000000223d48                mem_malloc_init
 .text.malloc_trim
                0x0000000000223d68       0xd8 common/built-in.o
                0x0000000000223d68                malloc_trim
 .text.free     0x0000000000223e40      0x21c common/built-in.o
                0x0000000000223e40                free
 .text.malloc   0x000000000022405c      0x62c common/built-in.o
                0x000000000022405c                malloc
 .text.calloc   0x0000000000224688       0xe4 common/built-in.o
                0x0000000000224688                calloc
 .text.realloc  0x000000000022476c      0x460 common/built-in.o
                0x000000000022476c                realloc
 .text.memalign
                0x0000000000224bcc      0x190 common/built-in.o
                0x0000000000224bcc                memalign
 .text.initf_malloc
                0x0000000000224d5c       0x18 common/built-in.o
                0x0000000000224d5c                initf_malloc
 .text.malloc_simple
                0x0000000000224d74       0x38 common/built-in.o
                0x0000000000224d74                malloc_simple
 .text.on_loadaddr
                0x0000000000224dac       0x3c common/built-in.o
 .text.image_get_load
                0x0000000000224de8       0x38 common/built-in.o
                0x0000000000224de8                image_get_load
 .text.image_get_ep
                0x0000000000224e20       0x38 common/built-in.o
                0x0000000000224e20                image_get_ep
 .text.image_check_hcrc
                0x0000000000224e58       0x50 common/built-in.o
                0x0000000000224e58                image_check_hcrc
 .text.image_check_dcrc
                0x0000000000224ea8       0x44 common/built-in.o
                0x0000000000224ea8                image_check_dcrc
 .text.image_multi_count
                0x0000000000224eec       0x24 common/built-in.o
                0x0000000000224eec                image_multi_count
 .text.image_multi_getimg
                0x0000000000224f10       0x84 common/built-in.o
                0x0000000000224f10                image_multi_getimg
 .text.env_get_bootm_low
                0x0000000000224f94       0x30 common/built-in.o
                0x0000000000224f94                env_get_bootm_low
 .text.env_get_bootm_size
                0x0000000000224fc4       0x78 common/built-in.o
                0x0000000000224fc4                env_get_bootm_size
 .text.env_get_bootm_mapsize
                0x000000000022503c       0x30 common/built-in.o
                0x000000000022503c                env_get_bootm_mapsize
 .text.memmove_wd
                0x000000000022506c       0x10 common/built-in.o
                0x000000000022506c                memmove_wd
 .text.genimg_print_size
                0x000000000022507c       0x38 common/built-in.o
                0x000000000022507c                genimg_print_size
 .text.get_table_entry
                0x00000000002250b4       0x20 common/built-in.o
                0x00000000002250b4                get_table_entry
 .text.get_table_entry_name
                0x00000000002250d4       0x28 common/built-in.o
                0x00000000002250d4                get_table_entry_name
 .text.genimg_get_os_name
                0x00000000002250fc       0x18 common/built-in.o
                0x00000000002250fc                genimg_get_os_name
 .text.genimg_get_arch_name
                0x0000000000225114       0x18 common/built-in.o
                0x0000000000225114                genimg_get_arch_name
 .text.genimg_get_type_name
                0x000000000022512c       0x18 common/built-in.o
                0x000000000022512c                genimg_get_type_name
 .text.genimg_get_comp_name
                0x0000000000225144       0x18 common/built-in.o
                0x0000000000225144                genimg_get_comp_name
 .text.image_print_contents
                0x000000000022515c      0x1e4 common/built-in.o
                0x000000000022515c                image_print_contents
 .text.get_table_entry_id
                0x0000000000225340       0x50 common/built-in.o
                0x0000000000225340                get_table_entry_id
 .text.genimg_get_os_id
                0x0000000000225390       0x18 common/built-in.o
                0x0000000000225390                genimg_get_os_id
 .text.genimg_get_arch_id
                0x00000000002253a8       0x18 common/built-in.o
                0x00000000002253a8                genimg_get_arch_id
 .text.genimg_get_type_id
                0x00000000002253c0       0x18 common/built-in.o
                0x00000000002253c0                genimg_get_type_id
 .text.genimg_get_comp_id
                0x00000000002253d8       0x18 common/built-in.o
                0x00000000002253d8                genimg_get_comp_id
 .text.genimg_get_kernel_addr_fit
                0x00000000002253f0       0x78 common/built-in.o
                0x00000000002253f0                genimg_get_kernel_addr_fit
 .text.genimg_get_kernel_addr
                0x0000000000225468       0x20 common/built-in.o
                0x0000000000225468                genimg_get_kernel_addr
 .text.genimg_get_format
                0x0000000000225488       0x5c common/built-in.o
                0x0000000000225488                genimg_get_format
 .text.genimg_has_config
                0x00000000002254e4       0x10 common/built-in.o
                0x00000000002254e4                genimg_has_config
 .text.boot_get_ramdisk
                0x00000000002254f4      0x3b4 common/built-in.o
                0x00000000002254f4                boot_get_ramdisk
 .text.boot_ramdisk_high
                0x00000000002258a8      0x154 common/built-in.o
                0x00000000002258a8                boot_ramdisk_high
 .text.boot_get_setup
                0x00000000002259fc        0x4 common/built-in.o
                0x00000000002259fc                boot_get_setup
 .text.boot_get_loadable
                0x0000000000225a00      0x19c common/built-in.o
                0x0000000000225a00                boot_get_loadable
 .text.image_setup_linux
                0x0000000000225b9c       0x60 common/built-in.o
                0x0000000000225b9c                image_setup_linux
 .text.android_image_get_kernel_addr
                0x0000000000225bfc       0x6c common/built-in.o
 .text.android_image_get_comp_addr
                0x0000000000225c68       0x8c common/built-in.o
 .text.image_load.constprop.0
                0x0000000000225cf4      0x950 common/built-in.o
 .text.android_image_get_comp
                0x0000000000226644        0xc common/built-in.o
                0x0000000000226644                android_image_get_comp
 .text.android_image_get_kernel
                0x0000000000226650      0x208 common/built-in.o
                0x0000000000226650                android_image_get_kernel
 .text.android_image_check_header
                0x0000000000226858       0x14 common/built-in.o
                0x0000000000226858                android_image_check_header
 .text.android_image_separate
                0x000000000022686c      0x164 common/built-in.o
 .text.android_image_separate_v34
                0x00000000002269d0      0x12c common/built-in.o
 .text.extract_boot_image_v34_header
                0x0000000000226afc      0x11c common/built-in.o
 .text.android_image_get_end
                0x0000000000226c18      0x168 common/built-in.o
                0x0000000000226c18                android_image_get_end
 .text.android_image_get_kload
                0x0000000000226d80        0x4 common/built-in.o
                0x0000000000226d80                android_image_get_kload
 .text.android_image_get_ramdisk
                0x0000000000226d84      0x1f8 common/built-in.o
                0x0000000000226d84                android_image_get_ramdisk
 .text.android_image_set_decomp
                0x0000000000226f7c       0x84 common/built-in.o
                0x0000000000226f7c                android_image_set_decomp
 .text.android_image_memcpy_separate
                0x0000000000227000       0xe8 common/built-in.o
                0x0000000000227000                android_image_memcpy_separate
 .text.populate_boot_info
                0x00000000002270e8      0x6e0 common/built-in.o
                0x00000000002270e8                populate_boot_info
 .text.populate_andr_img_hdr
                0x00000000002277c8      0x328 common/built-in.o
                0x00000000002277c8                populate_andr_img_hdr
 .text.android_bcb_msg_sector_offset
                0x0000000000227af0       0xf0 common/built-in.o
                0x0000000000227af0                android_bcb_msg_sector_offset
 .text.android_image_init_resource
                0x0000000000227be0      0x1c0 common/built-in.o
                0x0000000000227be0                android_image_init_resource
 .text.android_image_load
                0x0000000000227da0      0x1b4 common/built-in.o
                0x0000000000227da0                android_image_load
 .text.android_print_contents
                0x0000000000227f54      0x540 common/built-in.o
                0x0000000000227f54                android_print_contents
 .text.android_bootloader_message_write
                0x0000000000228494       0x8c common/built-in.o
 .text.get_partition_size
                0x0000000000228520       0xa4 common/built-in.o
 .text.avb_image_distribute_prepare.constprop.0
                0x00000000002285c4      0x108 common/built-in.o
 .text.android_slot_verify
                0x00000000002286cc      0x640 common/built-in.o
 .text.android_bootloader_message_load
                0x0000000000228d0c       0x84 common/built-in.o
                0x0000000000228d0c                android_bootloader_message_load
 .text.android_bcb_write
                0x0000000000228d90       0xbc common/built-in.o
                0x0000000000228d90                android_bcb_write
 .text.android_bootloader_boot_kernel