
Discarded input sections

 .data          0x0000000000000000        0x0 arch/arm/cpu/armv8/start.o
 .bss           0x0000000000000000        0x0 arch/arm/cpu/armv8/start.o
 .text          0x0000000000000000        0x0 arch/arm/mach-rockchip/built-in.o
 .text.rockchip_get_boot_mode
                0x0000000000000000      0x1e8 arch/arm/mach-rockchip/built-in.o
 .text.param_parse_ddr_mem
                0x0000000000000000      0x168 arch/arm/mach-rockchip/built-in.o
 .text.param_parse_pre_serial
                0x0000000000000000       0x9c arch/arm/mach-rockchip/built-in.o
 .text.param_parse_pubkey_fuse_programmed
                0x0000000000000000       0x58 arch/arm/mach-rockchip/built-in.o
 .text.get_page_size
                0x0000000000000000       0x38 arch/arm/mach-rockchip/built-in.o
 .text.get_ddr_bw
                0x0000000000000000       0x28 arch/arm/mach-rockchip/built-in.o
 .text.dram_init_banksize
                0x0000000000000000       0x18 arch/arm/mach-rockchip/built-in.o
 .text.dram_init
                0x0000000000000000       0x34 arch/arm/mach-rockchip/built-in.o
 .text.board_get_usable_ram_top
                0x0000000000000000       0x18 arch/arm/mach-rockchip/built-in.o
 .text.rockchip_get_clk
                0x0000000000000000       0x14 arch/arm/mach-rockchip/built-in.o
 .text.rockchip_get_cru
                0x0000000000000000       0x30 arch/arm/mach-rockchip/built-in.o
 .text.rockchip_get_pmucru
                0x0000000000000000       0x3c arch/arm/mach-rockchip/built-in.o
 .text.back_to_bootrom
                0x0000000000000000       0x34 arch/arm/mach-rockchip/built-in.o
 .text.board_return_to_bootrom
                0x0000000000000000        0x8 arch/arm/mach-rockchip/built-in.o
 .text.atags_is_available
                0x0000000000000000       0x1c arch/arm/mach-rockchip/built-in.o
 .text.get_bootdev_by_brom_bootsource
                0x0000000000000000       0x30 arch/arm/mach-rockchip/built-in.o
 .text.atags_set_bootdev_by_brom_bootsource
                0x0000000000000000       0x38 arch/arm/mach-rockchip/built-in.o
 .text.atags_set_pub_key
                0x0000000000000000       0x78 arch/arm/mach-rockchip/built-in.o
 .text.atags_destroy
                0x0000000000000000       0x28 arch/arm/mach-rockchip/built-in.o
 .rodata.rockchip_get_boot_mode.str1.1
                0x0000000000000000      0x107 arch/arm/mach-rockchip/built-in.o
 .rodata.rockchip_get_boot_mode
                0x0000000000000000        0xd arch/arm/mach-rockchip/built-in.o
 .rodata.param_parse_ddr_mem.str1.1
                0x0000000000000000       0x1a arch/arm/mach-rockchip/built-in.o
 .rodata.param_parse_pubkey_fuse_programmed.str1.1
                0x0000000000000000       0x2d arch/arm/mach-rockchip/built-in.o
 .rodata.back_to_bootrom.str1.1
                0x0000000000000000       0x1a arch/arm/mach-rockchip/built-in.o
 .rodata.bootdev_map
                0x0000000000000000       0x2c arch/arm/mach-rockchip/built-in.o
 .eh_frame      0x0000000000000000      0x630 arch/arm/mach-rockchip/built-in.o
 .bss           0x0000000000000000        0x0 arch/arm/mach-rockchip/built-in.o
 .text.sdelay   0x0000000000000000        0xc arch/arm/cpu/armv8/built-in.o
 .text.cleanup_before_linux
                0x0000000000000000       0x2c arch/arm/cpu/armv8/built-in.o
 .text.timer_read_counter
                0x0000000000000000        0xc arch/arm/cpu/armv8/built-in.o
 .text.usec2ticks
                0x0000000000000000       0x44 arch/arm/cpu/armv8/built-in.o
 .text.timer_get_boot_us
                0x0000000000000000       0x14 arch/arm/cpu/armv8/built-in.o
 .text.set_one_region
                0x0000000000000000       0xd8 arch/arm/cpu/armv8/built-in.o
 .text.flush_dcache_all
                0x0000000000000000       0x14 arch/arm/cpu/armv8/built-in.o
 .text.dcache_status
                0x0000000000000000       0x34 arch/arm/cpu/armv8/built-in.o
 .text.arch_get_page_table
                0x0000000000000000       0x20 arch/arm/cpu/armv8/built-in.o
 .text.mmu_set_region_dcache_behaviour
                0x0000000000000000       0xa8 arch/arm/cpu/armv8/built-in.o
 .text.mmu_change_region_attr
                0x0000000000000000       0xe8 arch/arm/cpu/armv8/built-in.o
 .text.icache_status
                0x0000000000000000       0x34 arch/arm/cpu/armv8/built-in.o
 .text.icache_enable
                0x0000000000000000       0x74 arch/arm/cpu/armv8/built-in.o
 .text.enable_caches
                0x0000000000000000       0x14 arch/arm/cpu/armv8/built-in.o
 .text.__asm_switch_ttbr
                0x0000000000000000       0xe0 arch/arm/cpu/armv8/built-in.o
 .text.armv8_switch_to_el2
                0x0000000000000000       0xb8 arch/arm/cpu/armv8/built-in.o
 .text.armv8_switch_to_el1
                0x0000000000000000       0xd0 arch/arm/cpu/armv8/built-in.o
 .text.armv8_el2_to_aarch32
                0x0000000000000000        0x4 arch/arm/cpu/armv8/built-in.o
 .text.smc_call
[...]
Memory Configuration

Name             Origin             Length             Attributes
.sram            0x0000000000000000 0x0000000000040000
.sdram           0x0000000000400000 0x0000000000002000
*default*        0x0000000000000000 0xffffffffffffffff

Linker script and memory map


.text           0x0000000000000000    0x15d5c
                0x0000000000000000                . = ALIGN (0x8)
 *(.__image_copy_start)
 .__image_copy_start
                0x0000000000000000        0x0 arch/arm/lib/built-in.o
                0x0000000000000000                __image_copy_start
 arch/arm/cpu/armv8/start.o(.text*)
 .text          0x0000000000000000      0x188 arch/arm/cpu/armv8/start.o
                0x0000000000000000                _start
                0x0000000000000008                _TEXT_BASE
                0x0000000000000010                _end_ofs
                0x0000000000000018                _bss_start_ofs
                0x0000000000000020                _bss_end_ofs
                0x000000000000002c                save_boot_params_ret
                0x0000000000000100                apply_core_errata
                0x0000000000000124                lowlevel_init
                0x0000000000000130                smp_kick_all_cpus
                0x000000000000013c                c_runtime_cpu_setup
 *(.text*)
 .text.fit_board_verify_required_sigs
                0x0000000000000188       0x24 arch/arm/mach-rockchip/built-in.o
                0x0000000000000188                fit_board_verify_required_sigs
 .text.rockchip_sdram_size
                0x00000000000001ac      0x19c arch/arm/mach-rockchip/built-in.o
                0x00000000000001ac                rockchip_sdram_size
 .text.rockchip_setup_ddr_param
                0x0000000000000348       0x40 arch/arm/mach-rockchip/built-in.o
                0x0000000000000348                rockchip_setup_ddr_param
 .text.rockchip_stimer_init
                0x0000000000000388       0x90 arch/arm/mach-rockchip/built-in.o
                0x0000000000000388                rockchip_stimer_init
 .text.arch_cpu_init
                0x0000000000000418       0x68 arch/arm/mach-rockchip/built-in.o
                0x0000000000000418                arch_cpu_init
 .text.board_debug_uart_init
                0x0000000000000480       0x3c arch/arm/mach-rockchip/built-in.o
                0x0000000000000480                board_debug_uart_init
 .text.save_boot_params
                0x00000000000004bc       0xa8 arch/arm/mach-rockchip/built-in.o
                0x00000000000004bc                save_boot_params
 .text.board_spl_was_booted_from
                0x0000000000000564       0x38 arch/arm/mach-rockchip/built-in.o
                0x0000000000000564                board_spl_was_booted_from
 .text.spl_boot_device
                0x000000000000059c        0x8 arch/arm/mach-rockchip/built-in.o
                0x000000000000059c                spl_boot_device
 .text.spl_boot_mode
                0x00000000000005a4        0x8 arch/arm/mach-rockchip/built-in.o
                0x00000000000005a4                spl_boot_mode
 .text.rk_board_init_f
                0x00000000000005ac        0x8 arch/arm/mach-rockchip/built-in.o
                0x00000000000005ac                rk_board_init_f
 .text.board_init_f
                0x00000000000005b4       0x70 arch/arm/mach-rockchip/built-in.o
                0x00000000000005b4                board_init_f
 .text.board_fit_config_name_match
                0x0000000000000624        0x8 arch/arm/mach-rockchip/built-in.o
                0x0000000000000624                board_fit_config_name_match
 .text.board_init_f_boot_flags
                0x000000000000062c       0x7c arch/arm/mach-rockchip/built-in.o
                0x000000000000062c                board_init_f_boot_flags
 .text.spl_perform_fixups
                0x00000000000006a8        0x8 arch/arm/mach-rockchip/built-in.o
                0x00000000000006a8                spl_perform_fixups
 .text.spl_hang_reset
                0x00000000000006b0       0x54 arch/arm/mach-rockchip/built-in.o
                0x00000000000006b0                spl_hang_reset
 .text.spl_board_prepare_for_jump
                0x0000000000000704        0x8 arch/arm/mach-rockchip/built-in.o
                0x0000000000000704                spl_board_prepare_for_jump
 .text.board_boot_order
                0x000000000000070c      0x18c arch/arm/mach-rockchip/built-in.o
                0x000000000000070c                board_boot_order
 .text.js_hash  0x0000000000000898       0x4c arch/arm/mach-rockchip/built-in.o
 .text.atags_bad_magic
                0x00000000000008e4       0x54 arch/arm/mach-rockchip/built-in.o
                0x00000000000008e4                atags_bad_magic
 .text.atags_overflow
                0x0000000000000938       0x48 arch/arm/mach-rockchip/built-in.o
                0x0000000000000938                atags_overflow
 .text.atags_set_tag
                0x0000000000000980      0x174 arch/arm/mach-rockchip/built-in.o
                0x0000000000000980                atags_set_tag
 .text.atags_get_tag
                0x0000000000000af4       0x9c arch/arm/mach-rockchip/built-in.o
                0x0000000000000af4                atags_get_tag
 .text.get_bootdev_by_spl_bootdevice
                0x0000000000000b90       0x20 arch/arm/mach-rockchip/built-in.o
                0x0000000000000b90                get_bootdev_by_spl_bootdevice
 .text.atags_set_bootdev_by_spl_bootdevice
                0x0000000000000bb0       0x48 arch/arm/mach-rockchip/built-in.o
                0x0000000000000bb0                atags_set_bootdev_by_spl_bootdevice
 *fill*         0x0000000000000bf8      0x408 
 .text          0x0000000000001000      0x544 arch/arm/cpu/armv8/built-in.o
                0x0000000000001000                vectors
                0x00000000000014ec                __arm_smccc_smc
                0x0000000000001518                __arm_smccc_hvc
 .text.get_tbclk
                0x0000000000001544        0x8 arch/arm/cpu/armv8/built-in.o
                0x0000000000001544                get_tbclk
 .text.get_ticks
                0x000000000000154c       0x10 arch/arm/cpu/armv8/built-in.o
                0x000000000000154c                get_ticks
 .text.count_required_pts
                0x000000000000155c       0xf8 arch/arm/cpu/armv8/built-in.o
 .text.create_table
                0x0000000000001654       0x70 arch/arm/cpu/armv8/built-in.o
 .text.split_block
                0x00000000000016c4       0x90 arch/arm/cpu/armv8/built-in.o
 .text.get_tcr  0x0000000000001754       0xe4 arch/arm/cpu/armv8/built-in.o
                0x0000000000001754                get_tcr
 .text.find_pte
                0x0000000000001838       0x8c arch/arm/cpu/armv8/built-in.o
 .text.get_page_table_size
                0x00000000000018c4       0x48 arch/arm/cpu/armv8/built-in.o
                0x00000000000018c4                get_page_table_size
 .text.setup_pgtables
                0x000000000000190c      0x16c arch/arm/cpu/armv8/built-in.o
                0x000000000000190c                setup_pgtables
 .text.mmu_setup
                0x0000000000001a78      0x13c arch/arm/cpu/armv8/built-in.o
                0x0000000000001a78                mmu_setup
 .text.invalidate_dcache_all
                0x0000000000001bb4       0x14 arch/arm/cpu/armv8/built-in.o
                0x0000000000001bb4                invalidate_dcache_all
 .text.invalidate_dcache_range
                0x0000000000001bc8        0x4 arch/arm/cpu/armv8/built-in.o
                0x0000000000001bc8                invalidate_dcache_range
 .text.flush_dcache_range
                0x0000000000001bcc        0x4 arch/arm/cpu/armv8/built-in.o
                0x0000000000001bcc                flush_dcache_range
 .text.dcache_enable
                0x0000000000001bd0      0x110 arch/arm/cpu/armv8/built-in.o
                0x0000000000001bd0                dcache_enable
 .text.dcache_disable
                0x0000000000001ce0       0x84 arch/arm/cpu/armv8/built-in.o
                0x0000000000001ce0                dcache_disable
 .text.icache_disable
                0x0000000000001d64       0x64 arch/arm/cpu/armv8/built-in.o
                0x0000000000001d64                icache_disable
 .text.invalidate_icache_all
                0x0000000000001dc8       0x14 arch/arm/cpu/armv8/built-in.o
                0x0000000000001dc8                invalidate_icache_all
 .text.__asm_dcache_level
                0x0000000000001ddc       0x64 arch/arm/cpu/armv8/built-in.o
                0x0000000000001ddc                __asm_dcache_level
 .text.__asm_dcache_all
                0x0000000000001e40       0x60 arch/arm/cpu/armv8/built-in.o
                0x0000000000001e40                __asm_dcache_all
 .text.__asm_flush_dcache_all
                0x0000000000001ea0        0x8 arch/arm/cpu/armv8/built-in.o
                0x0000000000001ea0                __asm_flush_dcache_all
 .text.__asm_invalidate_dcache_all
                0x0000000000001ea8        0x8 arch/arm/cpu/armv8/built-in.o
                0x0000000000001ea8                __asm_invalidate_dcache_all
 .text.__asm_flush_dcache_range
                0x0000000000001eb0       0x3c arch/arm/cpu/armv8/built-in.o
                0x0000000000001eb0                __asm_flush_dcache_range
 .text.__asm_invalidate_dcache_range
                0x0000000000001eec       0x34 arch/arm/cpu/armv8/built-in.o
                0x0000000000001eec                __asm_invalidate_dcache_range
 .text.__asm_invalidate_icache_all
                0x0000000000001f20        0xc arch/arm/cpu/armv8/built-in.o
                0x0000000000001f20                __asm_invalidate_icache_all
 .text.__asm_invalidate_l3_dcache
                0x0000000000001f2c        0x8 arch/arm/cpu/armv8/built-in.o
                0x0000000000001f2c                __asm_invalidate_l3_dcache
 .text.__asm_flush_l3_dcache
                0x0000000000001f34        0x8 arch/arm/cpu/armv8/built-in.o
                0x0000000000001f34                __asm_flush_l3_dcache
 .text.__asm_invalidate_l3_icache
                0x0000000000001f3c        0x8 arch/arm/cpu/armv8/built-in.o
                0x0000000000001f3c                __asm_invalidate_l3_icache
 .text.__asm_invalidate_tlb_all
                0x0000000000001f44       0x4c arch/arm/cpu/armv8/built-in.o
                0x0000000000001f44                __asm_invalidate_tlb_all
 .text          0x0000000000001f90      0x250 arch/arm/lib/built-in.o
                0x0000000000001f90                _main
                0x0000000000002008                relocate_code
                0x00000000000020dc                gic_init_secure
                0x0000000000002110                gic_init_secure_percpu
                0x00000000000021bc                gic_kick_secondary_cpus
                0x00000000000021cc                gic_wait_for_interrupt
 .text.setjmp   0x00000000000021e0       0x28 arch/arm/lib/built-in.o
                0x00000000000021e0                setjmp
 .text.longjmp  0x0000000000002208       0x40 arch/arm/lib/built-in.o
                0x0000000000002208                longjmp
 .text.disable_interrupts
                0x0000000000002248        0x8 arch/arm/lib/built-in.o
                0x0000000000002248                disable_interrupts
 .text.show_regs
                0x0000000000002250       0xc4 arch/arm/lib/built-in.o
                0x0000000000002250                show_regs
 .text.do_bad_sync
                0x0000000000002314       0x30 arch/arm/lib/built-in.o
                0x0000000000002314                do_bad_sync
 .text.do_bad_irq
                0x0000000000002344       0x30 arch/arm/lib/built-in.o
                0x0000000000002344                do_bad_irq
 .text.do_bad_fiq
                0x0000000000002374       0x30 arch/arm/lib/built-in.o
                0x0000000000002374                do_bad_fiq
 .text.do_bad_error
                0x00000000000023a4       0x30 arch/arm/lib/built-in.o
                0x00000000000023a4                do_bad_error
 .text.do_sync  0x00000000000023d4       0x30 arch/arm/lib/built-in.o
                0x00000000000023d4                do_sync
 .text.do_irq   0x0000000000002404       0x30 arch/arm/lib/built-in.o
                0x0000000000002404                do_irq
 .text.do_fiq   0x0000000000002434       0x30 arch/arm/lib/built-in.o
                0x0000000000002434                do_fiq
 .text.do_error
                0x0000000000002464       0x30 arch/arm/lib/built-in.o
                0x0000000000002464                do_error
 .text.dump_core_stack
                0x0000000000002494       0xdc arch/arm/lib/built-in.o
                0x0000000000002494                dump_core_stack
 .text.flush_cache
                0x0000000000002570        0x8 arch/arm/lib/built-in.o
                0x0000000000002570                flush_cache
 .text.show_boot_progress
                0x0000000000002578        0x4 common/spl/built-in.o
                0x0000000000002578                show_boot_progress
 .text.spl_common_init
                0x000000000000257c       0x80 common/spl/built-in.o
 .text.spl_next_stage
                0x00000000000025fc        0xc common/spl/built-in.o
                0x00000000000025fc                spl_next_stage
 .text.spl_board_storages_fixup
                0x0000000000002608        0x4 common/spl/built-in.o
                0x0000000000002608                spl_board_storages_fixup
 .text.spl_board_prepare_for_boot
                0x000000000000260c        0x4 common/spl/built-in.o
                0x000000000000260c                spl_board_prepare_for_boot
 .text.jump_to_image_no_args
                0x0000000000002610       0x10 common/spl/built-in.o
                0x0000000000002610                jump_to_image_no_args
 .text.spl_set_bd
                0x0000000000002620       0x18 common/spl/built-in.o
                0x0000000000002620                spl_set_bd
 .text.spl_early_init
                0x0000000000002638       0x28 common/spl/built-in.o
                0x0000000000002638                spl_early_init
 .text.spl_init
                0x0000000000002660       0x48 common/spl/built-in.o
                0x0000000000002660                spl_init
 .text.preloader_console_init
                0x00000000000026a8       0x30 common/spl/built-in.o
                0x00000000000026a8                preloader_console_init
 .text.spl_relocate_stack_gd
                0x00000000000026d8       0x50 common/spl/built-in.o
                0x00000000000026d8                spl_relocate_stack_gd
 .text.spl_cleanup_before_jump
                0x0000000000002728       0x74 common/spl/built-in.o
                0x0000000000002728                spl_cleanup_before_jump
 .text.board_init_r
                0x000000000000279c      0x1ec common/spl/built-in.o
                0x000000000000279c                board_init_r
 .text.spl_fit_get_image_name.constprop.0
                0x0000000000002988      0x114 common/spl/built-in.o
 .text.spl_fit_get_image_node
                0x0000000000002a9c       0x50 common/spl/built-in.o
 .text.spl_load_fit_image
                0x0000000000002aec      0x2c4 common/spl/built-in.o
 .text.spl_fit_append_fdt.isra.0
                0x0000000000002db0       0xf0 common/spl/built-in.o
 .text.spl_fit_standalone_release
                0x0000000000002ea0        0x8 common/spl/built-in.o
                0x0000000000002ea0                spl_fit_standalone_release
 .text.spl_load_simple_fit
                0x0000000000002ea8      0x4a4 common/spl/built-in.o
                0x0000000000002ea8                spl_load_simple_fit
 .text.h_spl_load_read
                0x000000000000334c        0x8 common/spl/built-in.o
 .text.spl_mmc_find_device
                0x0000000000003354       0xa0 common/spl/built-in.o
                0x0000000000003354                spl_mmc_find_device
 .text.spl_mmc_load_image
                0x00000000000033f4      0x138 common/spl/built-in.o
                0x00000000000033f4                spl_mmc_load_image
 .text.spl_fit_images_find
                0x000000000000352c       0xa4 common/spl/built-in.o
 .text.bl31_entry
                0x00000000000035d0      0x110 common/spl/built-in.o
                0x00000000000035d0                bl31_entry
 .text.spl_fit_images_get_entry
                0x00000000000036e0       0x50 common/spl/built-in.o
                0x00000000000036e0                spl_fit_images_get_entry
 .text.spl_invoke_atf
                0x0000000000003730       0x94 common/spl/built-in.o
                0x0000000000003730                spl_invoke_atf
 .text.board_init_f_alloc_reserve
                0x00000000000037c4       0x10 common/init/built-in.o
                0x00000000000037c4                board_init_f_alloc_reserve
 .text.board_init_f_init_reserve
                0x00000000000037d4       0x30 common/init/built-in.o
                0x00000000000037d4                board_init_f_init_reserve
 .text.fdt_getprop_u32
                0x0000000000003804       0x38 common/built-in.o
                0x0000000000003804                fdt_getprop_u32
 .text.fit_find_config_node
                0x000000000000383c      0x108 common/built-in.o
                0x000000000000383c                fit_find_config_node
 .text.of_bus_default_map
                0x0000000000003944       0xa4 common/built-in.o
 .text.of_bus_default_translate
                0x00000000000039e8       0xb8 common/built-in.o
 .text.fdt_support_default_count_cells
                0x0000000000003aa0       0x70 common/built-in.o
                0x0000000000003aa0                fdt_support_default_count_cells
 .text.fdt_find_or_add_subnode
                0x0000000000003b10       0x74 common/built-in.o
                0x0000000000003b10                fdt_find_or_add_subnode
 .text.fdt_record_loadable
                0x0000000000003b84      0x174 common/built-in.o
                0x0000000000003b84                fdt_record_loadable
 .text.fdt_shrink_to_minimum
                0x0000000000003cf8       0xc8 common/built-in.o
                0x0000000000003cf8                fdt_shrink_to_minimum
 .text.fdt_translate_address
                0x0000000000003dc0      0x264 common/built-in.o
                0x0000000000003dc0                fdt_translate_address
 .text.fdt_get_base_address
                0x0000000000004024       0x4c common/built-in.o
                0x0000000000004024                fdt_get_base_address
 .text.bounce_buffer_start
                0x0000000000004070       0x88 common/built-in.o
                0x0000000000004070                bounce_buffer_start
 .text.bounce_buffer_stop
                0x00000000000040f8       0x54 common/built-in.o
                0x00000000000040f8                bounce_buffer_stop
 .text.putc     0x000000000000414c       0x90 common/built-in.o
                0x000000000000414c                putc
 .text.puts     0x00000000000041dc       0x30 common/built-in.o
                0x00000000000041dc                puts
 .text.flushc   0x000000000000420c       0x14 common/built-in.o
                0x000000000000420c                flushc
 .text.malloc_simple
                0x0000000000004220       0x38 common/built-in.o
                0x0000000000004220                malloc_simple
 .text.memalign_simple
                0x0000000000004258       0x64 common/built-in.o
                0x0000000000004258                memalign_simple
 .text.calloc   0x00000000000042bc       0x34 common/built-in.o
                0x00000000000042bc                calloc
 .text.get_table_entry_id
                0x00000000000042f0       0x50 common/built-in.o
                0x00000000000042f0                get_table_entry_id
 .text.genimg_get_os_id
                0x0000000000004340       0x18 common/built-in.o
                0x0000000000004340                genimg_get_os_id
 .text.genimg_get_comp_id
                0x0000000000004358       0x18 common/built-in.o
                0x0000000000004358                genimg_get_comp_id
 .text.fit_image_get_address
                0x0000000000004370       0x84 common/built-in.o
 .text.fit_get_desc
                0x00000000000043f4       0x38 common/built-in.o
                0x00000000000043f4                fit_get_desc
 .text.fit_image_get_os
                0x000000000000442c       0x4c common/built-in.o
                0x000000000000442c                fit_image_get_os
 .text.fit_image_get_comp
                0x0000000000004478       0x4c common/built-in.o
                0x0000000000004478                fit_image_get_comp
 .text.fit_image_get_load
                0x00000000000044c4       0x10 common/built-in.o
                0x00000000000044c4                fit_image_get_load
 .text.fit_image_get_comp_addr
                0x00000000000044d4       0x10 common/built-in.o
                0x00000000000044d4                fit_image_get_comp_addr
 .text.fit_image_get_data_offset
                0x00000000000044e4       0x48 common/built-in.o
                0x00000000000044e4                fit_image_get_data_offset
 .text.fit_image_get_data_position
                0x000000000000452c       0x48 common/built-in.o
                0x000000000000452c                fit_image_get_data_position
 .text.fit_image_get_data_size
                0x0000000000004574       0x48 common/built-in.o
                0x0000000000004574                fit_image_get_data_size
 .text.fit_image_get_data
                0x00000000000045bc       0xdc common/built-in.o
                0x00000000000045bc                fit_image_get_data
 .text.fit_image_hash_get_algo
                0x0000000000004698       0x38 common/built-in.o
                0x0000000000004698                fit_image_hash_get_algo
 .text.fit_image_hash_get_value
                0x00000000000046d0       0x50 common/built-in.o
                0x00000000000046d0                fit_image_hash_get_value
 .text.fit_calculate_hash
                0x0000000000004720       0x78 common/built-in.o
                0x0000000000004720                fit_calculate_hash
 .text.fit_image_check_hash
                0x0000000000004798      0x1c8 common/built-in.o
                0x0000000000004798                fit_image_check_hash
 .text.fit_image_verify_with_data
                0x0000000000004960      0x134 common/built-in.o
                0x0000000000004960                fit_image_verify_with_data
 .text.sha256_starts
                0x0000000000004a94       0x68 lib/built-in.o
                0x0000000000004a94                sha256_starts
 .text.sha256_process
                0x0000000000004afc     0x206c lib/built-in.o
                0x0000000000004afc                sha256_process
 .text.sha256_update.part.0
                0x0000000000006b68       0xe4 lib/built-in.o
 .text.sha256_update
                0x0000000000006c4c        0xc lib/built-in.o
                0x0000000000006c4c                sha256_update
 .text.sha256_finish
                0x0000000000006c58      0x1bc lib/built-in.o
                0x0000000000006c58                sha256_finish
 .text.sha256_csum_wd
                0x0000000000006e14       0x44 lib/built-in.o
                0x0000000000006e14                sha256_csum_wd
 .text.fdt_check_header
                0x0000000000006e58       0x74 lib/built-in.o
                0x0000000000006e58                fdt_check_header
 .text.fdt_offset_ptr
                0x0000000000006ecc       0x68 lib/built-in.o
                0x0000000000006ecc                fdt_offset_ptr
 .text.fdt_next_tag
                0x0000000000006f34       0xdc lib/built-in.o
                0x0000000000006f34                fdt_next_tag
 .text._fdt_check_node_offset
                0x0000000000007010       0x40 lib/built-in.o
                0x0000000000007010                _fdt_check_node_offset
 .text._fdt_check_prop_offset
                0x0000000000007050       0x40 lib/built-in.o
                0x0000000000007050                _fdt_check_prop_offset
 .text.fdt_next_node
                0x0000000000007090       0xb0 lib/built-in.o
                0x0000000000007090                fdt_next_node
 .text.fdt_first_subnode
                0x0000000000007140       0x34 lib/built-in.o
                0x0000000000007140                fdt_first_subnode
 .text.fdt_next_subnode
                0x0000000000007174       0x50 lib/built-in.o
                0x0000000000007174                fdt_next_subnode
 .text._fdt_find_string
                0x00000000000071c4       0x70 lib/built-in.o
                0x00000000000071c4                _fdt_find_string
 .text.fdt_strerror
                0x0000000000007234       0x4c lib/built-in.o
                0x0000000000007234                fdt_strerror
 .text._fdt_blocks_misordered
                0x0000000000007280       0x60 lib/built-in.o
 .text._fdt_splice
                0x00000000000072e0       0x94 lib/built-in.o
 .text._fdt_splice_mem_rsv
                0x0000000000007374       0x60 lib/built-in.o
 .text._fdt_splice_struct
                0x00000000000073d4       0x60 lib/built-in.o
 .text._fdt_add_property
                0x0000000000007434      0x148 lib/built-in.o
 .text._fdt_rw_check_header
                0x000000000000757c       0x6c lib/built-in.o
 .text.fdt_add_mem_rsv
                0x00000000000075e8       0x7c lib/built-in.o
                0x00000000000075e8                fdt_add_mem_rsv
 .text.fdt_del_mem_rsv
                0x0000000000007664       0x70 lib/built-in.o
                0x0000000000007664                fdt_del_mem_rsv
 .text.fdt_setprop_placeholder
                0x00000000000076d4       0xd8 lib/built-in.o
                0x00000000000076d4                fdt_setprop_placeholder
 .text.fdt_setprop
                0x00000000000077ac       0x54 lib/built-in.o
                0x00000000000077ac                fdt_setprop
 .text.fdt_add_subnode_namelen
                0x0000000000007800      0x114 lib/built-in.o
                0x0000000000007800                fdt_add_subnode_namelen
 .text.fdt_add_subnode
                0x0000000000007914       0x44 lib/built-in.o
                0x0000000000007914                fdt_add_subnode
 .text.fdt_address_cells
                0x0000000000007958       0x58 lib/built-in.o
                0x0000000000007958                fdt_address_cells
 .text.fdt_size_cells
                0x00000000000079b0       0x54 lib/built-in.o
                0x00000000000079b0                fdt_size_cells
 .text.fdt_path_next_separator
                0x0000000000007a04       0x68 lib/built-in.o
 .text._nextprop
                0x0000000000007a6c       0x64 lib/built-in.o
 .text.fdt_string
                0x0000000000007ad0       0x14 lib/built-in.o
                0x0000000000007ad0                fdt_string
 .text.fdt_get_mem_rsv
                0x0000000000007ae4       0x60 lib/built-in.o
                0x0000000000007ae4                fdt_get_mem_rsv
 .text.fdt_num_mem_rsv
                0x0000000000007b44       0x28 lib/built-in.o
                0x0000000000007b44                fdt_num_mem_rsv
 .text.fdt_subnode_offset_namelen
                0x0000000000007b6c       0xe0 lib/built-in.o
                0x0000000000007b6c                fdt_subnode_offset_namelen
 .text.fdt_subnode_offset
                0x0000000000007c4c       0x44 lib/built-in.o
                0x0000000000007c4c                fdt_subnode_offset
 .text.fdt_get_name
                0x0000000000007c90       0x84 lib/built-in.o
                0x0000000000007c90                fdt_get_name
 .text.fdt_first_property_offset
                0x0000000000007d14       0x38 lib/built-in.o
                0x0000000000007d14                fdt_first_property_offset
 .text.fdt_next_property_offset
                0x0000000000007d4c       0x38 lib/built-in.o
                0x0000000000007d4c                fdt_next_property_offset
 .text.fdt_get_property_by_offset
                0x0000000000007d84       0x64 lib/built-in.o
                0x0000000000007d84                fdt_get_property_by_offset
 .text.fdt_get_property_namelen
                0x0000000000007de8       0xd4 lib/built-in.o
                0x0000000000007de8                fdt_get_property_namelen
 .text.fdt_get_property
                0x0000000000007ebc       0x4c lib/built-in.o
                0x0000000000007ebc                fdt_get_property
 .text.fdt_getprop_namelen
                0x0000000000007f08       0x1c lib/built-in.o
                0x0000000000007f08                fdt_getprop_namelen
 .text.fdt_getprop_by_offset
                0x0000000000007f24       0x50 lib/built-in.o
                0x0000000000007f24                fdt_getprop_by_offset
 .text.fdt_getprop
                0x0000000000007f74       0x4c lib/built-in.o
                0x0000000000007f74                fdt_getprop
 .text.fdt_get_phandle
                0x0000000000007fc0       0x78 lib/built-in.o
                0x0000000000007fc0                fdt_get_phandle
 .text.fdt_get_alias_namelen
                0x0000000000008038       0x64 lib/built-in.o
                0x0000000000008038                fdt_get_alias_namelen
 .text.fdt_path_offset_namelen
                0x000000000000809c       0xfc lib/built-in.o
                0x000000000000809c                fdt_path_offset_namelen
 .text.fdt_path_offset
                0x0000000000008198       0x34 lib/built-in.o
                0x0000000000008198                fdt_path_offset
 .text.fdt_get_alias
                0x00000000000081cc       0x34 lib/built-in.o
                0x00000000000081cc                fdt_get_alias
 .text.fdt_supernode_atdepth_offset
                0x0000000000008200       0xb8 lib/built-in.o
                0x0000000000008200                fdt_supernode_atdepth_offset
 .text.fdt_node_depth
                0x00000000000082b8       0x30 lib/built-in.o
                0x00000000000082b8                fdt_node_depth
 .text.fdt_parent_offset
                0x00000000000082e8       0x44 lib/built-in.o
                0x00000000000082e8                fdt_parent_offset
 .text.fdt_node_offset_by_phandle
                0x000000000000832c       0x84 lib/built-in.o
                0x000000000000832c                fdt_node_offset_by_phandle
 .text.fdt_stringlist_contains
                0x00000000000083b0       0x98 lib/built-in.o
                0x00000000000083b0                fdt_stringlist_contains
 .text.fdt_stringlist_search
                0x0000000000008448       0xc4 lib/built-in.o
                0x0000000000008448                fdt_stringlist_search
 .text.fdt_stringlist_get
                0x000000000000850c       0xb4 lib/built-in.o
                0x000000000000850c                fdt_stringlist_get
 .text.fdt_node_check_compatible
                0x00000000000085c0       0x4c lib/built-in.o
                0x00000000000085c0                fdt_node_check_compatible
 .text.fdtdec_get_int
                0x000000000000860c       0x40 lib/built-in.o
                0x000000000000860c                fdtdec_get_int
 .text.get_prop_check_min_len
                0x000000000000864c       0x48 lib/built-in.o
 .text.fdtdec_get_is_enabled
                0x0000000000008694       0x40 lib/built-in.o
                0x0000000000008694                fdtdec_get_is_enabled
 .text.fdtdec_get_alias_seq
                0x00000000000086d4      0x128 lib/built-in.o
                0x00000000000086d4                fdtdec_get_alias_seq
 .text.fdtdec_prepare_fdt
                0x00000000000087fc       0x44 lib/built-in.o
                0x00000000000087fc                fdtdec_prepare_fdt
 .text.fdtdec_get_int_array
                0x0000000000008840       0x60 lib/built-in.o
                0x0000000000008840                fdtdec_get_int_array
 .text.fdtdec_parse_phandle_with_args
                0x00000000000088a0      0x150 lib/built-in.o
                0x00000000000088a0                fdtdec_parse_phandle_with_args
 .text.fdtdec_get_number
                0x00000000000089f0       0x30 lib/built-in.o
                0x00000000000089f0                fdtdec_get_number
 .text.fdtdec_get_addr_size_fixed
                0x0000000000008a20       0x94 lib/built-in.o
                0x0000000000008a20                fdtdec_get_addr_size_fixed
 .text.fdtdec_get_addr_size_auto_parent
                0x0000000000008ab4       0xa8 lib/built-in.o
                0x0000000000008ab4                fdtdec_get_addr_size_auto_parent
 .text.fdtdec_get_addr_size_auto_noparent
                0x0000000000008b5c       0x7c lib/built-in.o
                0x0000000000008b5c                fdtdec_get_addr_size_auto_noparent
 .text.fdtdec_setup
                0x0000000000008bd8       0x10 lib/built-in.o
                0x0000000000008bd8                fdtdec_setup
 .text.hang     0x0000000000008be8       0x24 lib/built-in.o
                0x0000000000008be8                hang
 .text.strncasecmp
                0x0000000000008c0c       0x74 lib/built-in.o
                0x0000000000008c0c                strncasecmp
 .text.strcasecmp
                0x0000000000008c80        0x8 lib/built-in.o
                0x0000000000008c80                strcasecmp
 .text.strcpy   0x0000000000008c88       0x18 lib/built-in.o
                0x0000000000008c88                strcpy
 .text.strcmp   0x0000000000008ca0       0x28 lib/built-in.o
                0x0000000000008ca0                strcmp
 .text.strncmp  0x0000000000008cc8       0x38 lib/built-in.o
                0x0000000000008cc8                strncmp
 .text.strchr   0x0000000000008d00       0x28 lib/built-in.o
                0x0000000000008d00                strchr
 .text.strchrnul
                0x0000000000008d28       0x20 lib/built-in.o
                0x0000000000008d28                strchrnul
 .text.strlen   0x0000000000008d48       0x1c lib/built-in.o
                0x0000000000008d48                strlen
 .text.strrchr  0x0000000000008d64       0x40 lib/built-in.o
                0x0000000000008d64                strrchr
 .text.strnlen  0x0000000000008da4       0x28 lib/built-in.o
                0x0000000000008da4                strnlen
 .text.strcspn  0x0000000000008dcc       0x38 lib/built-in.o
                0x0000000000008dcc                strcspn
 .text.strdup   0x0000000000008e04       0x4c lib/built-in.o
                0x0000000000008e04                strdup
 .text.memset   0x0000000000008e50       0x1c lib/built-in.o
                0x0000000000008e50                memset
 .text.memcpy   0x0000000000008e6c       0x68 lib/built-in.o
                0x0000000000008e6c                memcpy
 .text.memmove  0x0000000000008ed4       0x58 lib/built-in.o
                0x0000000000008ed4                memmove
 .text.memcmp   0x0000000000008f2c       0x30 lib/built-in.o
                0x0000000000008f2c                memcmp
 .text.memchr   0x0000000000008f5c       0x30 lib/built-in.o
                0x0000000000008f5c                memchr
 .text.timer_init
                0x0000000000008f8c        0x8 lib/built-in.o
                0x0000000000008f8c                timer_init
 .text.get_timer
                0x0000000000008f94       0x3c lib/built-in.o
                0x0000000000008f94                get_timer
 .text.__udelay
                0x0000000000008fd0       0x4c lib/built-in.o
                0x0000000000008fd0                __udelay
 .text.udelay   0x000000000000901c       0x44 lib/built-in.o
                0x000000000000901c                udelay
 .text.div_out  0x0000000000009060       0x60 lib/built-in.o
 .text.putc_outstr
                0x00000000000090c0       0x14 lib/built-in.o
 .text.putc_normal
                0x00000000000090d4        0x8 lib/built-in.o
 .text._vprintf
                0x00000000000090dc      0x4a8 lib/built-in.o
 .text.vprintf  0x0000000000009584       0x44 lib/built-in.o
                0x0000000000009584                vprintf
 .text.printf   0x00000000000095c8       0x8c lib/built-in.o
                0x00000000000095c8                printf
 .text.snprintf
                0x0000000000009654       0x94 lib/built-in.o
                0x0000000000009654                snprintf
 .text.panic    0x00000000000096e8       0x7c lib/built-in.o
                0x00000000000096e8                panic
 .text.simple_strtoul
                0x0000000000009764      0x108 lib/built-in.o
                0x0000000000009764                simple_strtoul
 .text.trailing_strtoln
                0x000000000000986c       0x78 lib/built-in.o
                0x000000000000986c                trailing_strtoln
 .text.trailing_strtol
                0x00000000000098e4        0x8 lib/built-in.o
                0x00000000000098e4                trailing_strtol
 .text.clk_request
                0x00000000000098ec       0x2c drivers/built-in.o
                0x00000000000098ec                clk_request
 .text.clk_get_by_indexed_prop
                0x0000000000009918       0xb0 drivers/built-in.o
 .text.clk_get_by_index
                0x00000000000099c8       0x14 drivers/built-in.o
                0x00000000000099c8                clk_get_by_index
 .text.clk_get_by_name
                0x00000000000099dc       0x50 drivers/built-in.o
                0x00000000000099dc                clk_get_by_name
 .text.clk_get_rate
                0x0000000000009a2c       0x24 drivers/built-in.o
                0x0000000000009a2c                clk_get_rate
 .text.clk_set_rate
                0x0000000000009a50       0x24 drivers/built-in.o
                0x0000000000009a50                clk_set_rate
 .text.clk_set_phase
                0x0000000000009a74       0x24 drivers/built-in.o
                0x0000000000009a74                clk_set_phase
 .text.clk_fixed_rate_ofdata_to_platdata
                0x0000000000009a98       0x40 drivers/built-in.o
 .text.clk_fixed_rate_get_rate
                0x0000000000009ad8       0x2c drivers/built-in.o
 .text.rk3399_mmc_get_clk
                0x0000000000009b04       0x70 drivers/built-in.o
 .text.rk3399_clk_enable
                0x0000000000009b74       0x68 drivers/built-in.o
 .text.rk3399_pmuclk_probe
                0x0000000000009bdc        0x8 drivers/built-in.o
 .text.rkclk_set_pll
                0x0000000000009be4       0x98 drivers/built-in.o
 .text.rk3399_clk_set_parent
                0x0000000000009c7c      0x128 drivers/built-in.o
 .text.rk3399_i2c_get_clk
                0x0000000000009da4       0x9c drivers/built-in.o
 .text.pll_para_config
                0x0000000000009e40      0x144 drivers/built-in.o
 .text.rk3399_pmuclk_set_rate
                0x0000000000009f84       0xac drivers/built-in.o
 .text.rk3399_clk_ofdata_to_platdata
                0x000000000000a030       0x34 drivers/built-in.o
 .text.rk3399_pmuclk_ofdata_to_platdata
                0x000000000000a064       0x34 drivers/built-in.o
 .text.rk3399_clk_bind
                0x000000000000a098       0x9c drivers/built-in.o
 .text.rk3399_pmuclk_bind
                0x000000000000a134       0x50 drivers/built-in.o
 .text.rkclk_pll_get_rate
                0x000000000000a184       0x74 drivers/built-in.o
 .text.rk3399_spi_get_clk
                0x000000000000a1f8       0x80 drivers/built-in.o
 .text.rk3399_pmuclk_get_rate
                0x000000000000a278       0xc0 drivers/built-in.o
 .text.rk3399_crypto_get_clk.isra.0
                0x000000000000a338       0x40 drivers/built-in.o
 .text.rk3399_clk_get_rate
                0x000000000000a378      0x19c drivers/built-in.o
 .text.rk3399_clk_set_rate
                0x000000000000a514      0x6ac drivers/built-in.o
 .text.rk3399_configure_cpu
                0x000000000000abc0       0xa4 drivers/built-in.o
                0x000000000000abc0                rk3399_configure_cpu
 .text.rk3399_clk_probe
                0x000000000000ac64      0x1c0 drivers/built-in.o
 .text.alloc_priv
                0x000000000000ae24       0x64 drivers/built-in.o
 .text.device_bind_common.constprop.0
                0x000000000000ae88      0x3b4 drivers/built-in.o
 .text.device_bind_with_driver_data
                0x000000000000b23c       0x14 drivers/built-in.o
                0x000000000000b23c                device_bind_with_driver_data
 .text.device_bind_by_name
                0x000000000000b250       0x84 drivers/built-in.o
                0x000000000000b250                device_bind_by_name
 .text.device_probe
                0x000000000000b2d4      0x234 drivers/built-in.o
                0x000000000000b2d4                device_probe
 .text.dev_get_platdata
                0x000000000000b508        0xc drivers/built-in.o
                0x000000000000b508                dev_get_platdata
 .text.dev_get_uclass_platdata
                0x000000000000b514        0xc drivers/built-in.o
                0x000000000000b514                dev_get_uclass_platdata
 .text.dev_get_priv
                0x000000000000b520        0xc drivers/built-in.o
                0x000000000000b520                dev_get_priv
 .text.dev_get_uclass_priv
                0x000000000000b52c        0xc drivers/built-in.o
                0x000000000000b52c                dev_get_uclass_priv
 .text.device_find_first_child
                0x000000000000b538       0x20 drivers/built-in.o
                0x000000000000b538                device_find_first_child
 .text.device_find_next_child
                0x000000000000b558       0x28 drivers/built-in.o
                0x000000000000b558                device_find_next_child
 .text.dev_get_parent
                0x000000000000b580        0x8 drivers/built-in.o
                0x000000000000b580                dev_get_parent
 .text.dev_get_driver_data
                0x000000000000b588        0x8 drivers/built-in.o
                0x000000000000b588                dev_get_driver_data
 .text.device_get_uclass_id
                0x000000000000b590       0x10 drivers/built-in.o
                0x000000000000b590                device_get_uclass_id
 .text.device_set_name_alloced
                0x000000000000b5a0       0x10 drivers/built-in.o
                0x000000000000b5a0                device_set_name_alloced
 .text.device_is_compatible
                0x000000000000b5b0       0x64 drivers/built-in.o
                0x000000000000b5b0                device_is_compatible
 .text.devfdt_get_addr_index
                0x000000000000b614       0x78 drivers/built-in.o
                0x000000000000b614                devfdt_get_addr_index
 .text.devfdt_get_addr_size_index
                0x000000000000b68c       0x48 drivers/built-in.o
                0x000000000000b68c                devfdt_get_addr_size_index
 .text.lists_driver_lookup_name
                0x000000000000b6d4       0x78 drivers/built-in.o
                0x000000000000b6d4                lists_driver_lookup_name
 .text.lists_uclass_lookup
                0x000000000000b74c       0x44 drivers/built-in.o
                0x000000000000b74c                lists_uclass_lookup
 .text.lists_bind_drivers
                0x000000000000b790       0x90 drivers/built-in.o
                0x000000000000b790                lists_bind_drivers
 .text.device_bind_driver_to_node
                0x000000000000b820       0x68 drivers/built-in.o
                0x000000000000b820                device_bind_driver_to_node
 .text.device_bind_driver
                0x000000000000b888       0x14 drivers/built-in.o
                0x000000000000b888                device_bind_driver
 .text.lists_bind_fdt
                0x000000000000b89c      0x150 drivers/built-in.o
                0x000000000000b89c                lists_bind_fdt
 .text.dm_scan_fdt_node
                0x000000000000b9ec       0xc0 drivers/built-in.o
 .text.dm_root  0x000000000000baac       0x10 drivers/built-in.o
                0x000000000000baac                dm_root
 .text.dm_fixup_for_gd_move
                0x000000000000babc       0x20 drivers/built-in.o
                0x000000000000babc                dm_fixup_for_gd_move
 .text.dm_get_translation_offset
                0x000000000000badc       0x1c drivers/built-in.o
                0x000000000000badc                dm_get_translation_offset
 .text.dm_init  0x000000000000baf8       0x60 drivers/built-in.o
                0x000000000000baf8                dm_init
 .text.dm_scan_platdata
                0x000000000000bb58       0x28 drivers/built-in.o
                0x000000000000bb58                dm_scan_platdata
 .text.dm_scan_fdt_dev
                0x000000000000bb80       0x38 drivers/built-in.o
                0x000000000000bb80                dm_scan_fdt_dev
 .text.dm_scan_fdt
                0x000000000000bbb8       0x14 drivers/built-in.o
                0x000000000000bbb8                dm_scan_fdt
 .text.dm_extended_scan_fdt
                0x000000000000bbcc       0x60 drivers/built-in.o
                0x000000000000bbcc                dm_extended_scan_fdt
 .text.dm_scan_other
                0x000000000000bc2c        0x8 drivers/built-in.o
                0x000000000000bc2c                dm_scan_other
 .text.dm_init_and_scan
                0x000000000000bc34       0x54 drivers/built-in.o
                0x000000000000bc34                dm_init_and_scan
 .text.uclass_find
                0x000000000000bc88       0x4c drivers/built-in.o
                0x000000000000bc88                uclass_find
 .text.uclass_get
                0x000000000000bcd4      0x108 drivers/built-in.o
                0x000000000000bcd4                uclass_get
 .text.uclass_find_device
                0x000000000000bddc       0x78 drivers/built-in.o
                0x000000000000bddc                uclass_find_device
 .text.uclass_find_first_device
                0x000000000000be54       0x48 drivers/built-in.o
                0x000000000000be54                uclass_find_first_device
 .text.uclass_find_next_device
                0x000000000000be9c       0x28 drivers/built-in.o
                0x000000000000be9c                uclass_find_next_device
 .text.uclass_find_device_by_seq
                0x000000000000bec4       0x90 drivers/built-in.o
                0x000000000000bec4                uclass_find_device_by_seq
 .text.uclass_find_device_by_of_offset
                0x000000000000bf54       0x78 drivers/built-in.o
                0x000000000000bf54                uclass_find_device_by_of_offset
 .text.uclass_find_device_by_ofnode
                0x000000000000bfcc       0x80 drivers/built-in.o
                0x000000000000bfcc                uclass_find_device_by_ofnode
 .text.uclass_get_device_tail
                0x000000000000c04c       0x40 drivers/built-in.o
                0x000000000000c04c                uclass_get_device_tail
 .text.uclass_get_device
                0x000000000000c08c       0x38 drivers/built-in.o
                0x000000000000c08c                uclass_get_device
 .text.uclass_get_device_by_seq
                0x000000000000c0c4       0x68 drivers/built-in.o
                0x000000000000c0c4                uclass_get_device_by_seq
 .text.uclass_get_device_by_of_offset
                0x000000000000c12c       0x38 drivers/built-in.o
                0x000000000000c12c                uclass_get_device_by_of_offset
 .text.uclass_get_device_by_ofnode
                0x000000000000c164       0x38 drivers/built-in.o
                0x000000000000c164                uclass_get_device_by_ofnode
 .text.uclass_get_device_by_phandle_id
                0x000000000000c19c       0x98 drivers/built-in.o
                0x000000000000c19c                uclass_get_device_by_phandle_id
 .text.uclass_get_device_by_phandle
                0x000000000000c234       0xbc drivers/built-in.o
                0x000000000000c234                uclass_get_device_by_phandle
 .text.uclass_first_device
                0x000000000000c2f0       0x44 drivers/built-in.o
                0x000000000000c2f0                uclass_first_device
 .text.uclass_next_device
                0x000000000000c334       0x44 drivers/built-in.o
                0x000000000000c334                uclass_next_device
 .text.uclass_bind_device
                0x000000000000c378       0x70 drivers/built-in.o
                0x000000000000c378                uclass_bind_device
 .text.uclass_resolve_seq
                0x000000000000c3e8       0x98 drivers/built-in.o
                0x000000000000c3e8                uclass_resolve_seq
 .text.uclass_pre_probe_device
                0x000000000000c480       0x68 drivers/built-in.o
                0x000000000000c480                uclass_pre_probe_device
 .text.uclass_post_probe_device
                0x000000000000c4e8       0x20 drivers/built-in.o
                0x000000000000c4e8                uclass_post_probe_device
 .text.dm_fdt_pre_reloc
                0x000000000000c508       0x5c drivers/built-in.o
                0x000000000000c508                dm_fdt_pre_reloc
 .text.simple_bus_post_bind
                0x000000000000c564       0x5c drivers/built-in.o
 .text.simple_bus_translate
                0x000000000000c5c0       0x50 drivers/built-in.o
                0x000000000000c5c0                simple_bus_translate
 .text.regmap_init_mem
                0x000000000000c610      0x134 drivers/built-in.o
                0x000000000000c610                regmap_init_mem
 .text.regmap_get_range
                0x000000000000c744       0x24 drivers/built-in.o
                0x000000000000c744                regmap_get_range
 .text.regmap_read
                0x000000000000c768       0x1c drivers/built-in.o
                0x000000000000c768                regmap_read
 .text.regmap_write
                0x000000000000c784       0x18 drivers/built-in.o
                0x000000000000c784                regmap_write
 .text.syscon_pre_probe
                0x000000000000c79c       0x28 drivers/built-in.o
 .text.syscon_get_regmap
                0x000000000000c7c4       0x3c drivers/built-in.o
                0x000000000000c7c4                syscon_get_regmap
 .text.syscon_get_by_driver_data
                0x000000000000c800       0x74 drivers/built-in.o
                0x000000000000c800                syscon_get_by_driver_data
 .text.syscon_get_regmap_by_driver_data
                0x000000000000c874       0x30 drivers/built-in.o
                0x000000000000c874                syscon_get_regmap_by_driver_data
 .text.syscon_get_first_range
                0x000000000000c8a4       0x28 drivers/built-in.o
                0x000000000000c8a4                syscon_get_first_range
 .text.of_find_property
                0x000000000000c8cc       0x74 drivers/built-in.o
                0x000000000000c8cc                of_find_property
 .text.of_find_property_value_of_size
                0x000000000000c940       0x54 drivers/built-in.o
 .text.of_find_all_nodes
                0x000000000000c994       0x28 drivers/built-in.o
                0x000000000000c994                of_find_all_nodes
 .text.of_get_property
                0x000000000000c9bc       0x1c drivers/built-in.o
                0x000000000000c9bc                of_get_property
 .text.of_n_addr_cells
                0x000000000000c9d8       0x5c drivers/built-in.o
                0x000000000000c9d8                of_n_addr_cells
 .text.of_n_size_cells
                0x000000000000ca34       0x5c drivers/built-in.o
                0x000000000000ca34                of_n_size_cells
 .text.of_simple_addr_cells
                0x000000000000ca90       0x34 drivers/built-in.o
                0x000000000000ca90                of_simple_addr_cells
 .text.of_simple_size_cells
                0x000000000000cac4       0x34 drivers/built-in.o
                0x000000000000cac4                of_simple_size_cells
 .text.of_device_is_compatible
                0x000000000000caf8      0x110 drivers/built-in.o
                0x000000000000caf8                of_device_is_compatible
 .text.of_get_parent
                0x000000000000cc08        0xc drivers/built-in.o
                0x000000000000cc08                of_get_parent
 .text.of_find_node_opts_by_path
                0x000000000000cc14      0x1a0 drivers/built-in.o
                0x000000000000cc14                of_find_node_opts_by_path
 .text.of_find_node_by_phandle
                0x000000000000cdb4       0x54 drivers/built-in.o
                0x000000000000cdb4                of_find_node_by_phandle
 .text.of_read_u32
                0x000000000000ce08       0x48 drivers/built-in.o
                0x000000000000ce08                of_read_u32
 .text.__of_parse_phandle_with_args.constprop.0
                0x000000000000ce50      0x16c drivers/built-in.o
 .text.of_read_u32_array
                0x000000000000cfbc       0x58 drivers/built-in.o
                0x000000000000cfbc                of_read_u32_array
 .text.of_property_match_string
                0x000000000000d014       0xa4 drivers/built-in.o
                0x000000000000d014                of_property_match_string
 .text.of_property_read_string_helper
                0x000000000000d0b8       0xcc drivers/built-in.o
                0x000000000000d0b8                of_property_read_string_helper
 .text.of_parse_phandle_with_args
                0x000000000000d184       0x10 drivers/built-in.o
                0x000000000000d184                of_parse_phandle_with_args
 .text.of_alias_get_id
                0x000000000000d194       0x6c drivers/built-in.o
                0x000000000000d194                of_alias_get_id
 .text.of_bus_default_map
                0x000000000000d200       0xa4 drivers/built-in.o
 .text.of_bus_default_get_flags
                0x000000000000d2a4        0x8 drivers/built-in.o
 .text.of_bus_default_count_cells
                0x000000000000d2ac       0x48 drivers/built-in.o
 .text.of_bus_default_translate
                0x000000000000d2f4       0xb8 drivers/built-in.o
 .text.of_match_bus
                0x000000000000d3ac       0x60 drivers/built-in.o
 .text.of_get_address
                0x000000000000d40c      0x148 drivers/built-in.o
                0x000000000000d40c                of_get_address
 .text.of_translate_address
                0x000000000000d554      0x228 drivers/built-in.o
                0x000000000000d554                of_translate_address
 .text.of_address_to_resource
                0x000000000000d77c       0xcc drivers/built-in.o
                0x000000000000d77c                of_address_to_resource
 .text.dev_read_u32_default
                0x000000000000d848        0x8 drivers/built-in.o
                0x000000000000d848                dev_read_u32_default
 .text.dev_read_bool
                0x000000000000d850        0x8 drivers/built-in.o
                0x000000000000d850                dev_read_bool
 .text.dev_read_first_subnode
                0x000000000000d858        0x8 drivers/built-in.o
                0x000000000000d858                dev_read_first_subnode
 .text.dev_read_size
                0x000000000000d860        0x8 drivers/built-in.o
                0x000000000000d860                dev_read_size
 .text.dev_read_addr_index
                0x000000000000d868       0x2c drivers/built-in.o
                0x000000000000d868                dev_read_addr_index
 .text.dev_read_addr
                0x000000000000d894        0x8 drivers/built-in.o
                0x000000000000d894                dev_read_addr
 .text.dev_read_addr_ptr
                0x000000000000d89c       0x20 drivers/built-in.o
                0x000000000000d89c                dev_read_addr_ptr
 .text.dev_read_stringlist_search
                0x000000000000d8bc        0x8 drivers/built-in.o
                0x000000000000d8bc                dev_read_stringlist_search
 .text.dev_read_string_index
                0x000000000000d8c4        0x8 drivers/built-in.o
                0x000000000000d8c4                dev_read_string_index
 .text.dev_read_phandle_with_args
                0x000000000000d8cc        0x8 drivers/built-in.o
                0x000000000000d8cc                dev_read_phandle_with_args
 .text.dev_read_simple_addr_cells
                0x000000000000d8d4        0x8 drivers/built-in.o
                0x000000000000d8d4                dev_read_simple_addr_cells
 .text.dev_read_simple_size_cells
                0x000000000000d8dc        0x8 drivers/built-in.o
                0x000000000000d8dc                dev_read_simple_size_cells
 .text.dev_read_phandle
                0x000000000000d8e4       0x34 drivers/built-in.o
                0x000000000000d8e4                dev_read_phandle
 .text.dev_read_prop
                0x000000000000d918        0x8 drivers/built-in.o
                0x000000000000d918                dev_read_prop
 .text.dev_read_alias_seq
                0x000000000000d920       0x70 drivers/built-in.o
                0x000000000000d920                dev_read_alias_seq
 .text.dev_read_u32_array
                0x000000000000d990       0x28 drivers/built-in.o
                0x000000000000d990                dev_read_u32_array
 .text.ofnode_read_u32
                0x000000000000d9b8       0x90 drivers/built-in.o
                0x000000000000d9b8                ofnode_read_u32
 .text.ofnode_read_u32_default
                0x000000000000da48       0x28 drivers/built-in.o
                0x000000000000da48                ofnode_read_u32_default
 .text.ofnode_read_u32_array
                0x000000000000da70       0x44 drivers/built-in.o
                0x000000000000da70                ofnode_read_u32_array
 .text.ofnode_first_subnode
                0x000000000000dab4       0x58 drivers/built-in.o
                0x000000000000dab4                ofnode_first_subnode
 .text.ofnode_next_subnode
                0x000000000000db0c       0x58 drivers/built-in.o
                0x000000000000db0c                ofnode_next_subnode
 .text.ofnode_get_name
                0x000000000000db64       0x74 drivers/built-in.o
                0x000000000000db64                ofnode_get_name
 .text.ofnode_get_by_phandle
                0x000000000000dbd8       0x30 drivers/built-in.o
                0x000000000000dbd8                ofnode_get_by_phandle
 .text.ofnode_read_size
                0x000000000000dc08       0x6c drivers/built-in.o
                0x000000000000dc08                ofnode_read_size
 .text.ofnode_get_addr_index
                0x000000000000dc74       0xa0 drivers/built-in.o
                0x000000000000dc74                ofnode_get_addr_index
 .text.ofnode_stringlist_search
                0x000000000000dd14       0x68 drivers/built-in.o
                0x000000000000dd14                ofnode_stringlist_search
 .text.ofnode_read_string_index
                0x000000000000dd7c       0x88 drivers/built-in.o
                0x000000000000dd7c                ofnode_read_string_index
 .text.ofnode_parse_phandle_with_args
                0x000000000000de04       0xd0 drivers/built-in.o
                0x000000000000de04                ofnode_parse_phandle_with_args
 .text.ofnode_path
                0x000000000000ded4       0x40 drivers/built-in.o
                0x000000000000ded4                ofnode_path
 .text.ofnode_get_property
                0x000000000000df14       0x3c drivers/built-in.o
                0x000000000000df14                ofnode_get_property
 .text.ofnode_read_bool
                0x000000000000df50       0x28 drivers/built-in.o
                0x000000000000df50                ofnode_read_bool
 .text.ofnode_read_simple_addr_cells
                0x000000000000df78       0x34 drivers/built-in.o
                0x000000000000df78                ofnode_read_simple_addr_cells
 .text.ofnode_read_simple_size_cells
                0x000000000000dfac       0x34 drivers/built-in.o
                0x000000000000dfac                ofnode_read_simple_size_cells
 .text.ofnode_pre_reloc
                0x000000000000dfe0       0x48 drivers/built-in.o
                0x000000000000dfe0                ofnode_pre_reloc
 .text.rockchip_efuse_ioctl
                0x000000000000e028       0x54 drivers/built-in.o
 .text.rockchip_efuse_read
                0x000000000000e07c       0x64 drivers/built-in.o
 .text.rockchip_efuse_ofdata_to_platdata
                0x000000000000e0e0       0x34 drivers/built-in.o
 .text.rockchip_rk3288_efuse_read
                0x000000000000e114      0x104 drivers/built-in.o
 .text.rockchip_rk3399_efuse_read
                0x000000000000e218      0x10c drivers/built-in.o
 .text.rockchip_rk3328_efuse_read
                0x000000000000e324      0x130 drivers/built-in.o
 .text.rockchip_rk1808_efuse_read
                0x000000000000e454      0x1b8 drivers/built-in.o
 .text.sysreset_request
                0x000000000000e60c       0x20 drivers/built-in.o
                0x000000000000e60c                sysreset_request
 .text.sysreset_walk
                0x000000000000e62c       0x6c drivers/built-in.o
                0x000000000000e62c                sysreset_walk
 .text.sysreset_walk_halt
                0x000000000000e698       0x38 drivers/built-in.o
                0x000000000000e698                sysreset_walk_halt
 .text.reboot   0x000000000000e6d0       0x60 drivers/built-in.o
                0x000000000000e6d0                reboot
 .text.do_reset
                0x000000000000e730       0x20 drivers/built-in.o
                0x000000000000e730                do_reset
 .text.rockchip_sysreset_request
                0x000000000000e750       0x68 drivers/built-in.o
                0x000000000000e750                rockchip_sysreset_request
 .text.psci_probe
                0x000000000000e7b8       0xa4 drivers/built-in.o
 .text.__invoke_psci_fn_smc
                0x000000000000e85c       0x38 drivers/built-in.o
 .text.__invoke_psci_fn_hvc
                0x000000000000e894       0x38 drivers/built-in.o
 .text.psci_bind
                0x000000000000e8cc       0x68 drivers/built-in.o
 .text.mmc_send_op_cond_iter
                0x000000000000e934       0x74 drivers/built-in.o
 .text.mmc_read_blocks
                0x000000000000e9a8       0xc4 drivers/built-in.o
 .text.mmc_go_idle
                0x000000000000ea6c       0x50 drivers/built-in.o
 .text.mmc_set_capacity
                0x000000000000eabc       0x84 drivers/built-in.o
 .text.mmc_send_ext_csd
                0x000000000000eb40       0x68 drivers/built-in.o
 .text.__mmc_switch.constprop.0
                0x000000000000eba8      0x130 drivers/built-in.o
 .text.mmc_switch_to_hs400
                0x000000000000ecd8       0x30 drivers/built-in.o
 .text.mmc_send_status
                0x000000000000ed08       0xe0 drivers/built-in.o
                0x000000000000ed08                mmc_send_status
 .text.mmc_set_blocklen
                0x000000000000ede8       0x4c drivers/built-in.o
                0x000000000000ede8                mmc_set_blocklen
 .text.mmc_set_clock
                0x000000000000ee34       0x24 drivers/built-in.o
                0x000000000000ee34                mmc_set_clock
 .text.mmc_set_bus_speed
                0x000000000000ee58       0x5c drivers/built-in.o
 .text.mmc_switch
                0x000000000000eeb4       0x10 drivers/built-in.o
                0x000000000000eeb4                mmc_switch
 .text.mmc_select_hs
                0x000000000000eec4       0x48 drivers/built-in.o
 .text.mmc_select_bus_width
                0x000000000000ef0c      0x164 drivers/built-in.o
 .text.mmc_startup
                0x000000000000f070      0xc8c drivers/built-in.o
 .text.mmc_send_tuning
                0x000000000000fcfc       0xd4 drivers/built-in.o
                0x000000000000fcfc                mmc_send_tuning
 .text.mmc_switch_part
                0x000000000000fdd0       0x74 drivers/built-in.o
                0x000000000000fdd0                mmc_switch_part
 .text.mmc_start_init
                0x000000000000fe44      0x218 drivers/built-in.o
                0x000000000000fe44                mmc_start_init
 .text.mmc_init
                0x000000000001005c      0x13c drivers/built-in.o
                0x000000000001005c                mmc_init
 .text.mmc_bread
                0x0000000000010198      0x154 drivers/built-in.o
                0x0000000000010198                mmc_bread
 .text.mmc_initialize
                0x00000000000102ec       0x34 drivers/built-in.o
                0x00000000000102ec                mmc_initialize
 .text.mmc_blk_probe
                0x0000000000010320       0x1c drivers/built-in.o
 .text.mmc_card_busy
                0x000000000001033c       0x24 drivers/built-in.o
                0x000000000001033c                mmc_card_busy
 .text.mmc_can_card_busy
                0x0000000000010360       0x1c drivers/built-in.o
                0x0000000000010360                mmc_can_card_busy
 .text.dm_mmc_set_ios
                0x000000000001037c       0x20 drivers/built-in.o
                0x000000000001037c                dm_mmc_set_ios
 .text.mmc_set_ios
                0x000000000001039c        0x8 drivers/built-in.o
                0x000000000001039c                mmc_set_ios
 .text.dm_mmc_get_cd
                0x00000000000103a4       0x20 drivers/built-in.o
                0x00000000000103a4                dm_mmc_get_cd
 .text.mmc_getcd
                0x00000000000103c4        0x8 drivers/built-in.o
                0x00000000000103c4                mmc_getcd
 .text.mmc_set_enhanced_strobe
                0x00000000000103cc       0x24 drivers/built-in.o
                0x00000000000103cc                mmc_set_enhanced_strobe
 .text.mmc_get_mmc_dev
                0x00000000000103f0       0x28 drivers/built-in.o
                0x00000000000103f0                mmc_get_mmc_dev
 .text.dm_mmc_send_cmd
                0x0000000000010418       0xe4 drivers/built-in.o
                0x0000000000010418                dm_mmc_send_cmd
 .text.mmc_send_cmd
                0x00000000000104fc        0x8 drivers/built-in.o
                0x00000000000104fc                mmc_send_cmd
 .text.mmc_select_hwpart
                0x0000000000010504       0x78 drivers/built-in.o
 .text.find_mmc_device
                0x000000000001057c       0x54 drivers/built-in.o
                0x000000000001057c                find_mmc_device
 .text.mmc_get_blk_desc
                0x00000000000105d0       0x28 drivers/built-in.o
                0x00000000000105d0                mmc_get_blk_desc
 .text.mmc_do_preinit
                0x00000000000105f8       0x68 drivers/built-in.o
                0x00000000000105f8                mmc_do_preinit
 .text.mmc_bind
                0x0000000000010660       0xb8 drivers/built-in.o
                0x0000000000010660                mmc_bind
 .text.dwmci_wait_reset
                0x0000000000010718       0x3c drivers/built-in.o
 .text.dwmci_get_cd
                0x0000000000010754        0x8 drivers/built-in.o
 .text.dwmci_execute_tuning
                0x000000000001075c       0x44 drivers/built-in.o
 .text.dwmci_card_busy
                0x00000000000107a0       0x28 drivers/built-in.o
 .text.dwmci_send_cmd
                0x00000000000107c8      0x690 drivers/built-in.o
 .text.dwmci_setup_bus.part.0.isra.0
                0x0000000000010e58       0xfc drivers/built-in.o
 .text.dwmci_set_ios
                0x0000000000010f54       0xa8 drivers/built-in.o
 .text.dwmci_probe
                0x0000000000010ffc      0x170 drivers/built-in.o
                0x0000000000010ffc                dwmci_probe
 .text.dwmci_setup_cfg
                0x000000000001116c       0x98 drivers/built-in.o
                0x000000000001116c                dwmci_setup_cfg
 .text.dwmci_bind
                0x0000000000011204        0x4 drivers/built-in.o
                0x0000000000011204                dwmci_bind
 .text.rockchip_dwmmc_ofdata_to_platdata
                0x0000000000011208      0x100 drivers/built-in.o
 .text.rockchip_dwmmc_get_mmc_clk
                0x0000000000011308       0x58 drivers/built-in.o
 .text.rockchip_dwmmc_execute_tuning
                0x0000000000011360      0x104 drivers/built-in.o
 .text.rockchip_dwmmc_bind
                0x0000000000011464       0x2c drivers/built-in.o
 .text.mmc_gpio_init_direct
                0x0000000000011490        0x4 drivers/built-in.o
                0x0000000000011490                mmc_gpio_init_direct
 .text.rockchip_dwmmc_probe
                0x0000000000011494      0x128 drivers/built-in.o
 .text.sdhci_set_enhanced_strobe
                0x00000000000115bc       0x38 drivers/built-in.o
 .text.sdhci_card_busy
                0x00000000000115f4       0x2c drivers/built-in.o
 .text.sdhci_reset
                0x0000000000011620       0x88 drivers/built-in.o
 .text.sdhci_send_command
                0x00000000000116a8      0x5ac drivers/built-in.o
 .text.sdhci_execute_tuning
                0x0000000000011c54      0x114 drivers/built-in.o
 .text.sdhci_enable_clk
                0x0000000000011d68       0x88 drivers/built-in.o
                0x0000000000011d68                sdhci_enable_clk
 .text.sdhci_set_clock
                0x0000000000011df0      0x150 drivers/built-in.o
                0x0000000000011df0                sdhci_set_clock
 .text.sdhci_set_ios
                0x0000000000011f40      0x1d4 drivers/built-in.o
 .text.sdhci_probe
                0x0000000000012114      0x1a0 drivers/built-in.o
                0x0000000000012114                sdhci_probe
 .text.sdhci_setup_cfg
                0x00000000000122b4      0x18c drivers/built-in.o
                0x00000000000122b4                sdhci_setup_cfg
 .text.sdhci_bind
                0x0000000000012440        0x4 drivers/built-in.o
                0x0000000000012440                sdhci_bind
 .text.dwcmshc_emmc_get_phy
                0x0000000000012444        0x8 drivers/built-in.o
 .text.rockchip_sdhci_of_to_plat
                0x000000000001244c       0x3c drivers/built-in.o
 .text.rockchip_sdhci_set_enhanced_strobe
                0x0000000000012488       0x44 drivers/built-in.o
 .text.rockchip_sdhci_set_clock
                0x00000000000124cc       0x4c drivers/built-in.o
 .text.rockchip_sdhci_set_ios_post
                0x0000000000012518       0x44 drivers/built-in.o
 .text.rockchip_sdhci_probe
                0x000000000001255c      0x22c drivers/built-in.o
 .text.rockchip_sdhci_bind
                0x0000000000012788       0x2c drivers/built-in.o
 .text.dwcmshc_sdhci_set_enhanced_strobe
                0x00000000000127b4       0x4c drivers/built-in.o
 .text.rk3399_emmc_get_phy
                0x0000000000012800       0xac drivers/built-in.o
 .text.dwcmshc_sdhci_set_ios_post
                0x00000000000128ac       0x58 drivers/built-in.o
 .text.rockchip_emmc_set_clock
                0x0000000000012904      0x154 drivers/built-in.o
 .text.dwcmshc_sdhci_emmc_set_clock
                0x0000000000012a58      0x240 drivers/built-in.o
 .text.rk3399_sdhci_emmc_set_clock
                0x0000000000012c98      0x198 drivers/built-in.o
 .text.pinconfig_post_bind
                0x0000000000012e30       0xe4 drivers/built-in.o
 .text.pinctrl_post_bind
                0x0000000000012f14       0x28 drivers/built-in.o
 .text.pinctrl_select_state
                0x0000000000012f3c      0x174 drivers/built-in.o
                0x0000000000012f3c                pinctrl_select_state
 .text.rockchip_get_recalced_mux
                0x00000000000130b0       0xd8 drivers/built-in.o
                0x000000000001311c                rockchip_get_recalced_mux
 .text.px30_calc_pull_reg_and_bit
                0x0000000000013188       0x60 drivers/built-in.o
 .text.px30_calc_drv_reg_and_bit
                0x00000000000131e8       0x60 drivers/built-in.o
 .text.px30_calc_schmitt_reg_and_bit
                0x0000000000013248       0x5c drivers/built-in.o
 .text.rv1108_calc_pull_reg_and_bit
                0x00000000000132a4       0x60 drivers/built-in.o
 .text.rv1108_calc_drv_reg_and_bit
                0x0000000000013304       0x60 drivers/built-in.o
 .text.rv1108_calc_schmitt_reg_and_bit
                0x0000000000013364       0x5c drivers/built-in.o
 .text.rv1126_calc_pull_reg_and_bit
                0x00000000000133c0       0xa0 drivers/built-in.o
 .text.rv1126_calc_drv_reg_and_bit
                0x0000000000013460       0x9c drivers/built-in.o
 .text.rv1126_calc_schmitt_reg_and_bit
                0x00000000000134fc       0xa0 drivers/built-in.o
 .text.rk1808_calc_pull_reg_and_bit
                0x000000000001359c       0x60 drivers/built-in.o
 .text.rk1808_calc_drv_reg_and_bit
                0x00000000000135fc       0x5c drivers/built-in.o
 .text.rk1808_calc_schmitt_reg_and_bit
                0x0000000000013658       0x60 drivers/built-in.o
 .text.rk2928_calc_pull_reg_and_bit
                0x00000000000136b8       0x40 drivers/built-in.o
 .text.rk3128_calc_pull_reg_and_bit
                0x00000000000136f8        0x4 drivers/built-in.o
 .text.rk3188_calc_pull_reg_and_bit
                0x00000000000136fc       0x70 drivers/built-in.o
 .text.rk3288_calc_pull_reg_and_bit
                0x000000000001376c       0x5c drivers/built-in.o
 .text.rk3288_calc_drv_reg_and_bit
                0x00000000000137c8       0x5c drivers/built-in.o
 .text.rk3228_calc_pull_reg_and_bit
                0x0000000000013824       0x44 drivers/built-in.o
 .text.rk3228_calc_drv_reg_and_bit
                0x0000000000013868       0x44 drivers/built-in.o
 .text.rk3308_calc_pull_reg_and_bit
                0x00000000000138ac       0x44 drivers/built-in.o
 .text.rk3308_calc_drv_reg_and_bit
                0x00000000000138f0        0x4 drivers/built-in.o
 .text.rk3308_calc_schmitt_reg_and_bit
                0x00000000000138f4       0x44 drivers/built-in.o
 .text.rk3368_calc_pull_reg_and_bit
                0x0000000000013938       0x5c drivers/built-in.o
 .text.rk3368_calc_drv_reg_and_bit
                0x0000000000013994       0x5c drivers/built-in.o
 .text.rk3399_calc_pull_reg_and_bit
                0x00000000000139f0       0x64 drivers/built-in.o
 .text.rk3399_calc_drv_reg_and_bit
                0x0000000000013a54       0x60 drivers/built-in.o
 .text.rk3328_calc_schmitt_reg_and_bit
                0x0000000000013ab4       0x44 drivers/built-in.o
 .text.px30_calc_slew_rate_reg_and_bit
                0x0000000000013af8       0x5c drivers/built-in.o
 .text.rockchip_pinctrl_get_pins_count
                0x0000000000013b54       0x38 drivers/built-in.o
 .text.rockchip_pinctrl_get_gpio_mux
                0x0000000000013b8c      0x250 drivers/built-in.o
 .text.rockchip_set_pull
                0x0000000000013ddc      0x154 drivers/built-in.o
 .text.rockchip_pinctrl_probe
                0x0000000000013f30      0x58c drivers/built-in.o
                0x0000000000014210                rockchip_pinctrl_probe
 .text.rockchip_pinctrl_set_state
                0x00000000000144bc      0xa90 drivers/built-in.o
 .text.rockchip_get_mux_data
                0x0000000000014f4c       0x8c drivers/built-in.o
                0x0000000000014f4c                rockchip_get_mux_data
 .text.rockchip_translate_drive_value
                0x0000000000014fd8       0x40 drivers/built-in.o
                0x0000000000014fd8                rockchip_translate_drive_value
 .text.rockchip_translate_pull_value
                0x0000000000015018       0x34 drivers/built-in.o
                0x0000000000015018                rockchip_translate_pull_value
 .text.rk3399_set_drive
                0x000000000001504c      0x150 drivers/built-in.o
 .text.rk3399_set_pull
                0x000000000001519c       0xc0 drivers/built-in.o
 .text.rk3399_set_mux
                0x000000000001525c       0x7c drivers/built-in.o
 .text.rk3399_dmc_get_info
                0x00000000000152d8       0x34 drivers/built-in.o
 .text.rk3399_dmc_probe
                0x000000000001530c       0x58 drivers/built-in.o
 .text._serial_putc
                0x0000000000015364       0x58 drivers/built-in.o
 .text.serial_post_probe
                0x00000000000153bc       0x24 drivers/built-in.o
 .text.serial_pre_remove
                0x00000000000153e0        0x8 drivers/built-in.o
 .text.serial_init
                0x00000000000153e8        0x8 drivers/built-in.o
                0x00000000000153e8                serial_init
 .text.serial_putc
                0x00000000000153f0       0x1c drivers/built-in.o
                0x00000000000153f0                serial_putc
 .text.logtrace_push
                0x000000000001540c       0x80 drivers/built-in.o
                0x000000000001540c                logtrace_push
 .text.ns16550_serial_ofdata_to_platdata
                0x000000000001548c      0x124 drivers/built-in.o
                0x000000000001548c                ns16550_serial_ofdata_to_platdata
 .text.ns16550_readb.isra.0
                0x00000000000155b0       0x1c drivers/built-in.o
 .text.ns16550_serial_getc
                0x00000000000155cc       0x3c drivers/built-in.o
 .text.ns16550_serial_pending
                0x0000000000015608       0x44 drivers/built-in.o
 .text.ns16550_writeb.isra.0
                0x000000000001564c       0x1c drivers/built-in.o
 .text.ns16550_serial_putc
                0x0000000000015668       0x48 drivers/built-in.o
 .text.ns16550_serial_clear
                0x00000000000156b0       0x28 drivers/built-in.o
 .text.NS16550_setbrg
                0x00000000000156d8       0x54 drivers/built-in.o
 .text.ns16550_serial_setbrg
                0x000000000001572c       0x40 drivers/built-in.o
 .text.NS16550_init
                0x000000000001576c       0x70 drivers/built-in.o
                0x000000000001576c                NS16550_init
 .text.ns16550_serial_probe
                0x00000000000157dc       0x40 drivers/built-in.o
                0x00000000000157dc                ns16550_serial_probe
 .text.printch  0x000000000001581c       0x6c drivers/built-in.o
                0x000000000001581c                printch
 .text.debug_uart_flushc
                0x0000000000015888       0x34 drivers/built-in.o
                0x0000000000015888                debug_uart_flushc
 .text.printascii
                0x00000000000158bc       0x7c drivers/built-in.o
                0x00000000000158bc                printascii
 .text.debug_uart_init
                0x0000000000015938       0x68 drivers/built-in.o
                0x0000000000015938                debug_uart_init
 .text.blk_select_hwpart
                0x00000000000159a0       0x2c drivers/built-in.o
                0x00000000000159a0                blk_select_hwpart
 .text.blk_dselect_hwpart
                0x00000000000159cc        0x8 drivers/built-in.o
                0x00000000000159cc                blk_dselect_hwpart
 .text.blk_find_device
                0x00000000000159d4       0xa0 drivers/built-in.o
                0x00000000000159d4                blk_find_device
 .text.blk_dread
                0x0000000000015a74       0x24 drivers/built-in.o
                0x0000000000015a74                blk_dread
 .text.blk_find_max_devnum
                0x0000000000015a98       0x90 drivers/built-in.o
                0x0000000000015a98                blk_find_max_devnum
 .text.blk_create_device
                0x0000000000015b28      0x180 drivers/built-in.o
                0x0000000000015b28                blk_create_device
 .text.blk_create_devicef
                0x0000000000015ca8       0xb4 drivers/built-in.o
                0x0000000000015ca8                blk_create_devicef

.iplt           0x0000000000015d5c        0x0
 .iplt          0x0000000000015d5c        0x0 arch/arm/cpu/armv8/start.o

.rodata         0x0000000000015d60     0x4044
                0x0000000000015d60                . = ALIGN (0x8)
 *(SORT_BY_ALIGNMENT(SORT_BY_NAME(.rodata*)))
 .rodata.apll_cfgs
                0x0000000000015d60       0x18 drivers/built-in.o
 .rodata.arasan_data
                0x0000000000015d78       0x30 drivers/built-in.o
 .rodata.boot_devices
                0x0000000000015da8       0xb0 arch/arm/mach-rockchip/built-in.o
                0x0000000000015da8                boot_devices
 .rodata.clk_fixed_rate_match
                0x0000000000015e58       0x20 drivers/built-in.o
 .rodata.clk_fixed_rate_ops
                0x0000000000015e78       0x50 drivers/built-in.o
                0x0000000000015e78                clk_fixed_rate_ops
 .rodata.dm_dwmci_ops
                0x0000000000015ec8       0x38 drivers/built-in.o
                0x0000000000015ec8                dm_dwmci_ops
 .rodata.fdt_errtable
                0x0000000000015f00       0x90 lib/built-in.o
 .rodata.generic_simple_bus_ids
                0x0000000000015f90       0x30 drivers/built-in.o
 .rodata.generic_syscon_ids
                0x0000000000015fc0       0x20 drivers/built-in.o
 .rodata.mmc_blk_ops
                0x0000000000015fe0       0x20 drivers/built-in.o
 .rodata.ns16550_serial_ids
                0x0000000000016000       0xc0 drivers/built-in.o
 .rodata.ns16550_serial_ops
                0x00000000000160c0       0x28 drivers/built-in.o
                0x00000000000160c0                ns16550_serial_ops
 .rodata.psci_of_match
                0x00000000000160e8       0x40 drivers/built-in.o
 .rodata.px30_pin_ctrl
                0x0000000000016128       0x80 drivers/built-in.o
 .rodata.rk1808_pin_ctrl
                0x00000000000161a8       0x80 drivers/built-in.o
 .rodata.rk2928_pin_ctrl
                0x0000000000016228       0x80 drivers/built-in.o
 .rodata.rk3036_pin_ctrl
                0x00000000000162a8       0x80 drivers/built-in.o
 .rodata.rk3066a_pin_ctrl
                0x0000000000016328       0x80 drivers/built-in.o
 .rodata.rk3066b_pin_ctrl
                0x00000000000163a8       0x80 drivers/built-in.o
 .rodata.rk3128_pin_ctrl
                0x0000000000016428       0x80 drivers/built-in.o
 .rodata.rk3188_pin_ctrl
                0x00000000000164a8       0x80 drivers/built-in.o
 .rodata.rk3228_pin_ctrl
                0x0000000000016528       0x80 drivers/built-in.o
 .rodata.rk3288_pin_ctrl
                0x00000000000165a8       0x80 drivers/built-in.o
 .rodata.rk3328_pin_ctrl
                0x0000000000016628       0x80 drivers/built-in.o
 .rodata.rk3368_pin_ctrl
                0x00000000000166a8       0x80 drivers/built-in.o
 .rodata.rk3399_clk_ids
                0x0000000000016728       0x20 drivers/built-in.o
 .rodata.rk3399_dmc_ids
                0x0000000000016748       0x20 drivers/built-in.o
 .rodata.rk3399_pin_ctrl
                0x0000000000016768       0x80 drivers/built-in.o
 .rodata.rk3399_pinctrl_ids
                0x00000000000167e8       0x20 drivers/built-in.o
 .rodata.rk3399_pmuclk_ids
                0x0000000000016808       0x20 drivers/built-in.o
 .rodata.rk3399_syscon_ids
                0x0000000000016828       0x60 arch/arm/mach-rockchip/built-in.o
 .rodata.rk3528_data
                0x0000000000016888       0x30 drivers/built-in.o
 .rodata.rk3562_data
                0x00000000000168b8       0x30 drivers/built-in.o
 .rodata.rk3568_data
                0x00000000000168e8       0x30 drivers/built-in.o
 .rodata.rk3588_data
                0x0000000000016918       0x30 drivers/built-in.o
 .rodata.rockchip_conf_params
                0x0000000000016948      0x120 drivers/built-in.o
 .rodata.rockchip_dwmmc_ids
                0x0000000000016a68       0x30 drivers/built-in.o
 .rodata.rockchip_efuse_ids
                0x0000000000016a98       0x70 drivers/built-in.o
 .rodata.rockchip_efuse_ops
                0x0000000000016b08       0x20 drivers/built-in.o
 .rodata.rockchip_pinctrl_dt_match
                0x0000000000016b28      0x110 drivers/built-in.o
 .rodata.rockchip_pinctrl_ops
                0x0000000000016c38       0x88 drivers/built-in.o
                0x0000000000016c38                rockchip_pinctrl_ops
 .rodata.root_info
                0x0000000000016cc0       0x10 drivers/built-in.o
 .rodata.rv1108_pin_ctrl
                0x0000000000016cd0       0x80 drivers/built-in.o
 .rodata.rv1126_pin_ctrl
                0x0000000000016d50       0x80 drivers/built-in.o
 .rodata.sdhci_ids
                0x0000000000016dd0       0x60 drivers/built-in.o
 .rodata.sdhci_ops
                0x0000000000016e30       0x38 drivers/built-in.o
                0x0000000000016e30                sdhci_ops
 .rodata.uimage_comp
                0x0000000000016e68       0xa8 common/built-in.o
 .rodata.uimage_os
                0x0000000000016f10      0x108 common/built-in.o
 .rodata        0x0000000000017018       0x14 common/spl/built-in.o
 .rodata._vprintf
                0x000000000001702c       0x12 lib/built-in.o
 *fill*         0x000000000001703e        0x2 
 .rodata.apll_1600_cfg
                0x0000000000017040       0x18 drivers/built-in.o
 .rodata.apll_600_cfg
                0x0000000000017058       0x18 drivers/built-in.o
 .rodata.apll_816_cfg
                0x0000000000017070       0x18 drivers/built-in.o
 .rodata.fdt_next_tag
                0x0000000000017088        0x9 lib/built-in.o
 *fill*         0x0000000000017091        0x3 
 .rodata.gpll_init_cfg
                0x0000000000017094       0x18 drivers/built-in.o
 .rodata.mmc_set_capacity
                0x00000000000170ac        0x8 drivers/built-in.o
 .rodata.mmc_startup
                0x00000000000170b4       0x14 drivers/built-in.o
 .rodata.npll_init_cfg
                0x00000000000170c8       0x18 drivers/built-in.o
 .rodata.rk3399_clk_get_rate
                0x00000000000170e0       0x1a drivers/built-in.o
 *fill*         0x00000000000170fa        0x2 
 .rodata.rk3399_clk_set_rate
                0x00000000000170fc       0x25 drivers/built-in.o
 *fill*         0x0000000000017121        0x3 
 .rodata.rk3399_i2c_get_clk
                0x0000000000017124        0x6 drivers/built-in.o
 *fill*         0x000000000001712a        0x2 
 .rodata.rockchip_perpin_drv_list
                0x000000000001712c      0x160 drivers/built-in.o
 .rodata.rockchip_pinctrl_set_state
                0x000000000001728c       0x44 drivers/built-in.o
 .rodata.rockchip_pull_list
                0x00000000000172d0       0x40 drivers/built-in.o
 .rodata.rockchip_set_pull
                0x0000000000017310        0xc drivers/built-in.o
 .rodata.sd_au_size
                0x000000000001731c       0x40 drivers/built-in.o
 .rodata.spl_bootdev_map
                0x000000000001735c       0x4c arch/arm/mach-rockchip/built-in.o
 .rodata.CSWTCH.14
                0x00000000000173a8        0xa arch/arm/mach-rockchip/built-in.o
 .rodata.__FUNCTION__.0
                0x00000000000173b2       0x17 common/built-in.o
 .rodata.__func__.0
                0x00000000000173c9       0x15 common/built-in.o
 .rodata.__func__.0
                0x00000000000173de       0xc3 drivers/built-in.o
 .rodata.__func__.1
                0x00000000000174a1       0x6f drivers/built-in.o
 .rodata.__func__.2
                0x0000000000017510       0x14 common/built-in.o
 .rodata.__func__.2
                0x0000000000017524       0x5e drivers/built-in.o
 .rodata.__func__.3
                0x0000000000017582       0x18 common/built-in.o
 .rodata.__func__.3
                0x000000000001759a       0x3f drivers/built-in.o
 .rodata.__func__.4
                0x00000000000175d9        0xc drivers/built-in.o
 .rodata.__func__.5
                0x00000000000175e5        0xb drivers/built-in.o
 .rodata.__func__.6
                0x00000000000175f0       0x10 drivers/built-in.o
 .rodata.__func__.7
                0x0000000000017600       0x11 drivers/built-in.o
 .rodata.__of_parse_phandle_with_args.constprop.0.str1.1
                0x0000000000017611       0x31 drivers/built-in.o
 .rodata._ctype
                0x0000000000017642      0x100 lib/built-in.o
                0x0000000000017642                _ctype
 .rodata.atags_bad_magic.str1.1
                0x0000000000017742       0x1a arch/arm/mach-rockchip/built-in.o
 .rodata.atags_overflow.str1.1
                0x000000000001775c       0x11 arch/arm/mach-rockchip/built-in.o
 .rodata.blk_create_devicef.str1.1
                0x000000000001776d        0x6 drivers/built-in.o
 .rodata.board_boot_order.str1.1
                0x0000000000017773       0x2a arch/arm/mach-rockchip/built-in.o
 .rodata.board_init_f.str1.1
                0x000000000001779d       0x33 arch/arm/mach-rockchip/built-in.o
 .rodata.board_init_r.str1.1
                0x00000000000177d0       0xc7 common/spl/built-in.o
 .rodata.clk_fixed_rate_ofdata_to_platdata.str1.1
                0x0000000000017897       0x10 drivers/built-in.o
 .rodata.clk_get_by_index.str1.1
                0x00000000000178a7        0xd drivers/built-in.o
                                          0x7 (size before relaxing)
 .rodata.clk_get_by_indexed_prop.str1.1
                0x00000000000178a7        0xd drivers/built-in.o
 .rodata.clk_get_by_name.str1.1
                0x00000000000178b4        0xc drivers/built-in.o
 .rodata.create_table.str1.1
                0x00000000000178c0       0x62 arch/arm/cpu/armv8/built-in.o
 .rodata.devfdt_get_addr_index.str1.1
                0x0000000000017922        0x4 drivers/built-in.o
 .rodata.device_bind_common.constprop.0.str1.1
                0x0000000000017922       0x22 drivers/built-in.o
 .rodata.device_probe.str1.1
                0x0000000000017944        0x8 drivers/built-in.o
 .rodata.dm_extended_scan_fdt.str1.1
                0x0000000000017944        0x8 drivers/built-in.o
 .rodata.dm_fdt_pre_reloc.str1.1
                0x000000000001794c       0x22 drivers/built-in.o
 .rodata.dm_mmc_send_cmd.str1.1
                0x000000000001794c       0x2b drivers/built-in.o
 .rodata.do_bad_error.str1.1
                0x0000000000017977       0x29 arch/arm/lib/built-in.o
 .rodata.do_bad_fiq.str1.1
                0x00000000000179a0       0x27 arch/arm/lib/built-in.o
 .rodata.do_bad_irq.str1.1
                0x00000000000179c7       0x27 arch/arm/lib/built-in.o
 .rodata.do_bad_sync.str1.1
                0x00000000000179ee       0x48 arch/arm/lib/built-in.o
 .rodata.do_error.str1.1
                0x0000000000017a36       0x29 arch/arm/lib/built-in.o
                                         0x1d (size before relaxing)
 .rodata.do_fiq.str1.1
                0x0000000000017a36       0x29 arch/arm/lib/built-in.o
                                         0x1b (size before relaxing)
 .rodata.do_irq.str1.1
                0x0000000000017a36       0x29 arch/arm/lib/built-in.o
                                         0x1b (size before relaxing)
 .rodata.do_sync.str1.1
                0x0000000000017a36       0x29 arch/arm/lib/built-in.o
 .rodata.dump_core_stack.str1.1
                0x0000000000017a36       0xc4 arch/arm/lib/built-in.o
                                         0xd6 (size before relaxing)
 .rodata.dwmci_setup_cfg.str1.1
                0x0000000000017afa       0x1b drivers/built-in.o
 .rodata.fdt_address_cells.str1.1
                0x0000000000017b15        0xf lib/built-in.o
 .rodata.fdt_find_or_add_subnode.str1.1
                0x0000000000017b24        0xc common/built-in.o
 .rodata.fdt_fixup_memory_banks.str1.1
                0x0000000000017b30       0x8c common/built-in.o
 .rodata.fdt_get_alias_namelen.str1.1
                0x0000000000017bbc        0x9 lib/built-in.o
 .rodata.fdt_get_phandle.str1.1
                0x0000000000017bc5        0xe lib/built-in.o
                                         0x16 (size before relaxing)
 .rodata.fdt_node_check_compatible.str1.1
                0x0000000000017bd3        0xb lib/built-in.o
 .rodata.fdt_record_loadable.str1.1
                0x0000000000017bde        0xc common/built-in.o
                                         0x36 (size before relaxing)
 .rodata.fdt_size_cells.str1.1
                0x0000000000017bde        0xc lib/built-in.o
 .rodata.fdt_strerror.str1.1
                0x0000000000017bde       0x31 lib/built-in.o
 .rodata.fdt_support_default_count_cells.str1.1
                0x0000000000017c0f        0xc common/built-in.o
 .rodata.fdt_translate_address.str1.1
                0x0000000000017c1b       0x22 common/built-in.o
 .rodata.fdtdec_add_aliases_for_id.str1.1
                0x0000000000017c3d        0x9 lib/built-in.o
 .rodata.fdtdec_get_is_enabled.str1.1
                0x0000000000017c3d        0xc lib/built-in.o
 .rodata.fdtdec_prepare_fdt.str1.1
                0x0000000000017c49        0xd lib/built-in.o
 .rodata.find_mmc_device.str1.1
                0x0000000000017c56       0x19 drivers/built-in.o
 .rodata.fit_board_verify_required_sigs.str1.1
                0x0000000000017c6f       0x16 arch/arm/mach-rockchip/built-in.o
 .rodata.fit_calculate_hash.str1.1
                0x0000000000017c85        0x7 common/built-in.o
 .rodata.fit_find_config_node.str1.1
                0x0000000000017c85       0x34 common/built-in.o
                                         0x48 (size before relaxing)
 .rodata.fit_get_desc.str1.1
                0x0000000000017cb9        0xc common/built-in.o
 .rodata.fit_image_check_hash.str1.1
                0x0000000000017cb9       0xa8 common/built-in.o
                                         0xad (size before relaxing)
 .rodata.fit_image_get_address.str1.1
                0x0000000000017d61       0x1d common/built-in.o
 .rodata.fit_image_get_comp.str1.1
                0x0000000000017d7e        0xc common/built-in.o
 .rodata.fit_image_get_comp_addr.str1.1
                0x0000000000017d7e        0x5 common/built-in.o
 .rodata.fit_image_get_data.str1.1
                0x0000000000017d83        0x5 common/built-in.o
 .rodata.fit_image_get_data_offset.str1.1
                0x0000000000017d88        0xc common/built-in.o
 .rodata.fit_image_get_data_position.str1.1
                0x0000000000017d94        0xe common/built-in.o
 .rodata.fit_image_get_data_size.str1.1
                0x0000000000017da2        0xa common/built-in.o
 .rodata.fit_image_get_load.str1.1
                0x0000000000017dac       0x1d common/built-in.o
                                          0x5 (size before relaxing)
 .rodata.fit_image_get_os.str1.1
                0x0000000000017dac        0x3 common/built-in.o
 .rodata.fit_image_hash_get_algo.str1.1
                0x0000000000017dac        0x5 common/built-in.o
 .rodata.fit_image_hash_get_value.str1.1
                0x0000000000017db1        0x5 common/built-in.o
                                          0x6 (size before relaxing)
 .rodata.fit_image_verify_with_data.str1.1
                0x0000000000017db1       0x56 common/built-in.o